Archive member included to satisfy reference by file (symbol)

d:/00green/gcc-arm-none-eabi-10.3-2021.10/bin/../lib/gcc/arm-none-eabi/10.3.1/../../../../arm-none-eabi/lib/thumb/v7-m/nofp\libstdc++.a(class_type_info.o)
                              CMakeFiles/Ctrl-Step-STM32-fw.elf.dir/Ctrl/Driver/tb67h450_base.cpp.obj (vtable for __cxxabiv1::__class_type_info)
d:/00green/gcc-arm-none-eabi-10.3-2021.10/bin/../lib/gcc/arm-none-eabi/10.3.1/../../../../arm-none-eabi/lib/thumb/v7-m/nofp\libstdc++.a(del_ops.o)
                              d:/00green/gcc-arm-none-eabi-10.3-2021.10/bin/../lib/gcc/arm-none-eabi/10.3.1/../../../../arm-none-eabi/lib/thumb/v7-m/nofp\libstdc++.a(class_type_info.o) (operator delete(void*, unsigned int))
d:/00green/gcc-arm-none-eabi-10.3-2021.10/bin/../lib/gcc/arm-none-eabi/10.3.1/../../../../arm-none-eabi/lib/thumb/v7-m/nofp\libstdc++.a(pure.o)
                              CMakeFiles/Ctrl-Step-STM32-fw.elf.dir/UserApp/main.cpp.obj (__cxa_pure_virtual)
d:/00green/gcc-arm-none-eabi-10.3-2021.10/bin/../lib/gcc/arm-none-eabi/10.3.1/../../../../arm-none-eabi/lib/thumb/v7-m/nofp\libstdc++.a(si_class_type_info.o)
                              CMakeFiles/Ctrl-Step-STM32-fw.elf.dir/Ctrl/Driver/tb67h450_base.cpp.obj (vtable for __cxxabiv1::__si_class_type_info)
d:/00green/gcc-arm-none-eabi-10.3-2021.10/bin/../lib/gcc/arm-none-eabi/10.3.1/../../../../arm-none-eabi/lib/thumb/v7-m/nofp\libstdc++.a(tinfo.o)
                              d:/00green/gcc-arm-none-eabi-10.3-2021.10/bin/../lib/gcc/arm-none-eabi/10.3.1/../../../../arm-none-eabi/lib/thumb/v7-m/nofp\libstdc++.a(class_type_info.o) (std::type_info::~type_info())
d:/00green/gcc-arm-none-eabi-10.3-2021.10/bin/../lib/gcc/arm-none-eabi/10.3.1/../../../../arm-none-eabi/lib/thumb/v7-m/nofp\libstdc++.a(del_op.o)
                              d:/00green/gcc-arm-none-eabi-10.3-2021.10/bin/../lib/gcc/arm-none-eabi/10.3.1/../../../../arm-none-eabi/lib/thumb/v7-m/nofp\libstdc++.a(del_ops.o) (operator delete(void*))
d:/00green/gcc-arm-none-eabi-10.3-2021.10/bin/../lib/gcc/arm-none-eabi/10.3.1/../../../../arm-none-eabi/lib/thumb/v7-m/nofp\libstdc++.a(eh_terminate.o)
                              d:/00green/gcc-arm-none-eabi-10.3-2021.10/bin/../lib/gcc/arm-none-eabi/10.3.1/../../../../arm-none-eabi/lib/thumb/v7-m/nofp\libstdc++.a(pure.o) (std::terminate())
d:/00green/gcc-arm-none-eabi-10.3-2021.10/bin/../lib/gcc/arm-none-eabi/10.3.1/../../../../arm-none-eabi/lib/thumb/v7-m/nofp\libstdc++.a(eh_unex_handler.o)
                              d:/00green/gcc-arm-none-eabi-10.3-2021.10/bin/../lib/gcc/arm-none-eabi/10.3.1/../../../../arm-none-eabi/lib/thumb/v7-m/nofp\libstdc++.a(eh_terminate.o) (__cxxabiv1::__unexpected_handler)
d:/00green/gcc-arm-none-eabi-10.3-2021.10/bin/../lib/gcc/arm-none-eabi/10.3.1/../../../../arm-none-eabi/lib/thumb/v7-m/nofp\libstdc++.a(vterminate.o)
                              d:/00green/gcc-arm-none-eabi-10.3-2021.10/bin/../lib/gcc/arm-none-eabi/10.3.1/../../../../arm-none-eabi/lib/thumb/v7-m/nofp\libstdc++.a(eh_terminate.o) (__gnu_cxx::__verbose_terminate_handler())
d:/00green/gcc-arm-none-eabi-10.3-2021.10/bin/../lib/gcc/arm-none-eabi/10.3.1/../../../../arm-none-eabi/lib/thumb/v7-m/nofp\libstdc++.a(cp-demangle.o)
                              d:/00green/gcc-arm-none-eabi-10.3-2021.10/bin/../lib/gcc/arm-none-eabi/10.3.1/../../../../arm-none-eabi/lib/thumb/v7-m/nofp\libstdc++.a(vterminate.o) (__cxa_demangle)
d:/00green/gcc-arm-none-eabi-10.3-2021.10/bin/../lib/gcc/arm-none-eabi/10.3.1/../../../../arm-none-eabi/lib/thumb/v7-m/nofp\libstdc++.a(eh_arm.o)
                              d:/00green/gcc-arm-none-eabi-10.3-2021.10/bin/../lib/gcc/arm-none-eabi/10.3.1/../../../../arm-none-eabi/lib/thumb/v7-m/nofp\libstdc++.a(eh_terminate.o) (__cxa_end_cleanup)
d:/00green/gcc-arm-none-eabi-10.3-2021.10/bin/../lib/gcc/arm-none-eabi/10.3.1/../../../../arm-none-eabi/lib/thumb/v7-m/nofp\libstdc++.a(eh_call.o)
                              d:/00green/gcc-arm-none-eabi-10.3-2021.10/bin/../lib/gcc/arm-none-eabi/10.3.1/../../../../arm-none-eabi/lib/thumb/v7-m/nofp\libstdc++.a(eh_terminate.o) (__cxa_call_unexpected)
d:/00green/gcc-arm-none-eabi-10.3-2021.10/bin/../lib/gcc/arm-none-eabi/10.3.1/../../../../arm-none-eabi/lib/thumb/v7-m/nofp\libstdc++.a(eh_catch.o)
                              d:/00green/gcc-arm-none-eabi-10.3-2021.10/bin/../lib/gcc/arm-none-eabi/10.3.1/../../../../arm-none-eabi/lib/thumb/v7-m/nofp\libstdc++.a(eh_terminate.o) (__cxa_begin_catch)
d:/00green/gcc-arm-none-eabi-10.3-2021.10/bin/../lib/gcc/arm-none-eabi/10.3.1/../../../../arm-none-eabi/lib/thumb/v7-m/nofp\libstdc++.a(eh_exception.o)
                              d:/00green/gcc-arm-none-eabi-10.3-2021.10/bin/../lib/gcc/arm-none-eabi/10.3.1/../../../../arm-none-eabi/lib/thumb/v7-m/nofp\libstdc++.a(eh_call.o) (std::bad_exception::~bad_exception())
[...]
Memory Configuration

Name             Origin             Length             Attributes
RAM              0x20000000         0x00005000         xrw
FLASH            0x08000000         0x00020000         xr
*default*        0x00000000         0xffffffff

Linker script and memory map

LOAD d:/00green/gcc-arm-none-eabi-10.3-2021.10/bin/../lib/gcc/arm-none-eabi/10.3.1/thumb/v7-m/nofp/crti.o
LOAD d:/00green/gcc-arm-none-eabi-10.3-2021.10/bin/../lib/gcc/arm-none-eabi/10.3.1/thumb/v7-m/nofp/crtbegin.o
LOAD d:/00green/gcc-arm-none-eabi-10.3-2021.10/bin/../lib/gcc/arm-none-eabi/10.3.1/../../../../arm-none-eabi/lib/thumb/v7-m/nofp/crt0.o
LOAD CMakeFiles/Ctrl-Step-STM32-fw.elf.dir/Core/Src/adc.c.obj
LOAD CMakeFiles/Ctrl-Step-STM32-fw.elf.dir/Core/Src/can.c.obj
LOAD CMakeFiles/Ctrl-Step-STM32-fw.elf.dir/Core/Src/dma.c.obj
LOAD CMakeFiles/Ctrl-Step-STM32-fw.elf.dir/Core/Src/gpio.c.obj
LOAD CMakeFiles/Ctrl-Step-STM32-fw.elf.dir/Core/Src/main.c.obj
LOAD CMakeFiles/Ctrl-Step-STM32-fw.elf.dir/Core/Src/spi.c.obj
LOAD CMakeFiles/Ctrl-Step-STM32-fw.elf.dir/Core/Src/stm32f1xx_hal_msp.c.obj
LOAD CMakeFiles/Ctrl-Step-STM32-fw.elf.dir/Core/Src/stm32f1xx_it.c.obj
LOAD CMakeFiles/Ctrl-Step-STM32-fw.elf.dir/Core/Src/syscalls.c.obj
LOAD CMakeFiles/Ctrl-Step-STM32-fw.elf.dir/Core/Src/system_stm32f1xx.c.obj
LOAD CMakeFiles/Ctrl-Step-STM32-fw.elf.dir/Core/Src/tim.c.obj
LOAD CMakeFiles/Ctrl-Step-STM32-fw.elf.dir/Core/Src/usart.c.obj
LOAD CMakeFiles/Ctrl-Step-STM32-fw.elf.dir/Ctrl/Driver/tb67h450_base.cpp.obj
LOAD CMakeFiles/Ctrl-Step-STM32-fw.elf.dir/Ctrl/Motor/motion_planner.cpp.obj
LOAD CMakeFiles/Ctrl-Step-STM32-fw.elf.dir/Ctrl/Motor/motor.cpp.obj
LOAD CMakeFiles/Ctrl-Step-STM32-fw.elf.dir/Ctrl/Sensor/Encoder/encoder_calibrator_base.cpp.obj
LOAD CMakeFiles/Ctrl-Step-STM32-fw.elf.dir/Ctrl/Sensor/Encoder/mt6816_base.cpp.obj
LOAD CMakeFiles/Ctrl-Step-STM32-fw.elf.dir/Ctrl/Signal/button_base.cpp.obj
LOAD CMakeFiles/Ctrl-Step-STM32-fw.elf.dir/Ctrl/Signal/led_base.cpp.obj
LOAD CMakeFiles/Ctrl-Step-STM32-fw.elf.dir/Drivers/STM32F1xx_HAL_Driver/Src/stm32f1xx_hal.c.obj
LOAD CMakeFiles/Ctrl-Step-STM32-fw.elf.dir/Drivers/STM32F1xx_HAL_Driver/Src/stm32f1xx_hal_adc.c.obj
LOAD CMakeFiles/Ctrl-Step-STM32-fw.elf.dir/Drivers/STM32F1xx_HAL_Driver/Src/stm32f1xx_hal_adc_ex.c.obj
LOAD CMakeFiles/Ctrl-Step-STM32-fw.elf.dir/Drivers/STM32F1xx_HAL_Driver/Src/stm32f1xx_hal_can.c.obj
LOAD CMakeFiles/Ctrl-Step-STM32-fw.elf.dir/Drivers/STM32F1xx_HAL_Driver/Src/stm32f1xx_hal_cortex.c.obj
LOAD CMakeFiles/Ctrl-Step-STM32-fw.elf.dir/Drivers/STM32F1xx_HAL_Driver/Src/stm32f1xx_hal_dma.c.obj
LOAD CMakeFiles/Ctrl-Step-STM32-fw.elf.dir/Drivers/STM32F1xx_HAL_Driver/Src/stm32f1xx_hal_exti.c.obj
LOAD CMakeFiles/Ctrl-Step-STM32-fw.elf.dir/Drivers/STM32F1xx_HAL_Driver/Src/stm32f1xx_hal_flash.c.obj
LOAD CMakeFiles/Ctrl-Step-STM32-fw.elf.dir/Drivers/STM32F1xx_HAL_Driver/Src/stm32f1xx_hal_flash_ex.c.obj
LOAD CMakeFiles/Ctrl-Step-STM32-fw.elf.dir/Drivers/STM32F1xx_HAL_Driver/Src/stm32f1xx_hal_gpio.c.obj
LOAD CMakeFiles/Ctrl-Step-STM32-fw.elf.dir/Drivers/STM32F1xx_HAL_Driver/Src/stm32f1xx_hal_gpio_ex.c.obj
LOAD CMakeFiles/Ctrl-Step-STM32-fw.elf.dir/Drivers/STM32F1xx_HAL_Driver/Src/stm32f1xx_hal_pwr.c.obj
LOAD CMakeFiles/Ctrl-Step-STM32-fw.elf.dir/Drivers/STM32F1xx_HAL_Driver/Src/stm32f1xx_hal_rcc.c.obj
LOAD CMakeFiles/Ctrl-Step-STM32-fw.elf.dir/Drivers/STM32F1xx_HAL_Driver/Src/stm32f1xx_hal_rcc_ex.c.obj
LOAD CMakeFiles/Ctrl-Step-STM32-fw.elf.dir/Drivers/STM32F1xx_HAL_Driver/Src/stm32f1xx_hal_spi.c.obj
LOAD CMakeFiles/Ctrl-Step-STM32-fw.elf.dir/Drivers/STM32F1xx_HAL_Driver/Src/stm32f1xx_hal_tim.c.obj
LOAD CMakeFiles/Ctrl-Step-STM32-fw.elf.dir/Drivers/STM32F1xx_HAL_Driver/Src/stm32f1xx_hal_tim_ex.c.obj
LOAD CMakeFiles/Ctrl-Step-STM32-fw.elf.dir/Drivers/STM32F1xx_HAL_Driver/Src/stm32f1xx_hal_uart.c.obj
LOAD CMakeFiles/Ctrl-Step-STM32-fw.elf.dir/Port/Platform/Memory/emulated_eeprom.cpp.obj
LOAD CMakeFiles/Ctrl-Step-STM32-fw.elf.dir/Port/Platform/Memory/stockpile_f103cb.c.obj
LOAD CMakeFiles/Ctrl-Step-STM32-fw.elf.dir/Port/Platform/Utils/st_hardware.c.obj
LOAD CMakeFiles/Ctrl-Step-STM32-fw.elf.dir/Port/Platform/retarget.c.obj
LOAD CMakeFiles/Ctrl-Step-STM32-fw.elf.dir/Port/button_stm32.cpp.obj
LOAD CMakeFiles/Ctrl-Step-STM32-fw.elf.dir/Port/encoder_calibrator_stm32.cpp.obj
LOAD CMakeFiles/Ctrl-Step-STM32-fw.elf.dir/Port/led_stm32.cpp.obj
LOAD CMakeFiles/Ctrl-Step-STM32-fw.elf.dir/Port/mt6816_stm32.cpp.obj
LOAD CMakeFiles/Ctrl-Step-STM32-fw.elf.dir/Port/tb67h450_stm32.cpp.obj
LOAD CMakeFiles/Ctrl-Step-STM32-fw.elf.dir/UserApp/main.cpp.obj
LOAD CMakeFiles/Ctrl-Step-STM32-fw.elf.dir/UserApp/protocols/interface_can.cpp.obj
LOAD CMakeFiles/Ctrl-Step-STM32-fw.elf.dir/UserApp/protocols/interface_uart.cpp.obj
LOAD CMakeFiles/Ctrl-Step-STM32-fw.elf.dir/startup/startup_stm32f103xb.s.obj
LOAD d:/00green/gcc-arm-none-eabi-10.3-2021.10/bin/../lib/gcc/arm-none-eabi/10.3.1/../../../../arm-none-eabi/lib/thumb/v7-m/nofp\libstdc++.a
LOAD d:/00green/gcc-arm-none-eabi-10.3-2021.10/bin/../lib/gcc/arm-none-eabi/10.3.1/../../../../arm-none-eabi/lib/thumb/v7-m/nofp\libm.a
START GROUP
LOAD d:/00green/gcc-arm-none-eabi-10.3-2021.10/bin/../lib/gcc/arm-none-eabi/10.3.1/thumb/v7-m/nofp\libgcc.a
LOAD d:/00green/gcc-arm-none-eabi-10.3-2021.10/bin/../lib/gcc/arm-none-eabi/10.3.1/../../../../arm-none-eabi/lib/thumb/v7-m/nofp\libg.a
LOAD d:/00green/gcc-arm-none-eabi-10.3-2021.10/bin/../lib/gcc/arm-none-eabi/10.3.1/../../../../arm-none-eabi/lib/thumb/v7-m/nofp\libc.a
END GROUP
LOAD d:/00green/gcc-arm-none-eabi-10.3-2021.10/bin/../lib/gcc/arm-none-eabi/10.3.1/thumb/v7-m/nofp/crtend.o
LOAD d:/00green/gcc-arm-none-eabi-10.3-2021.10/bin/../lib/gcc/arm-none-eabi/10.3.1/thumb/v7-m/nofp/crtn.o
                0x20005000                _estack = 0x20005000
                0x00000200                _Min_Heap_Size = 0x200
                0x00000400                _Min_Stack_Size = 0x400

.isr_vector     0x08000000      0x10c
                0x08000000                . = ALIGN (0x4)
 *(.isr_vector)
 .isr_vector    0x08000000      0x10c CMakeFiles/Ctrl-Step-STM32-fw.elf.dir/startup/startup_stm32f103xb.s.obj
                0x08000000                g_pfnVectors
                0x0800010c                . = ALIGN (0x4)

.text           0x08000110    0x18e74
                0x08000110                . = ALIGN (0x4)
 *(.text)
 .text          0x08000110       0x40 d:/00green/gcc-arm-none-eabi-10.3-2021.10/bin/../lib/gcc/arm-none-eabi/10.3.1/thumb/v7-m/nofp/crtbegin.o
 .text          0x08000150     0x5fd8 d:/00green/gcc-arm-none-eabi-10.3-2021.10/bin/../lib/gcc/arm-none-eabi/10.3.1/../../../../arm-none-eabi/lib/thumb/v7-m/nofp\libstdc++.a(cp-demangle.o)
                0x08006040                __cxa_demangle
                0x08006104                __gcclibcxx_demangle_callback
 .text          0x08006128      0x378 d:/00green/gcc-arm-none-eabi-10.3-2021.10/bin/../lib/gcc/arm-none-eabi/10.3.1/thumb/v7-m/nofp\libgcc.a(_arm_addsubdf3.o)
                0x08006128                __aeabi_drsub
                0x08006130                __aeabi_dsub
                0x08006130                __subdf3
                0x08006134                __aeabi_dadd
                0x08006134                __adddf3
                0x080063ac                __floatunsidf
                0x080063ac                __aeabi_ui2d
                0x080063cc                __floatsidf
                0x080063cc                __aeabi_i2d
                0x080063f0                __aeabi_f2d
                0x080063f0                __extendsfdf2
                0x08006434                __floatundidf
                0x08006434                __aeabi_ul2d
                0x08006444                __floatdidf
                0x08006444                __aeabi_l2d
 .text          0x080064a0      0x424 d:/00green/gcc-arm-none-eabi-10.3-2021.10/bin/../lib/gcc/arm-none-eabi/10.3.1/thumb/v7-m/nofp\libgcc.a(_arm_muldivdf3.o)
                0x080064a0                __aeabi_dmul
                0x080064a0                __muldf3
                0x080066f4                __divdf3
                0x080066f4                __aeabi_ddiv
 .text          0x080068c4      0x110 d:/00green/gcc-arm-none-eabi-10.3-2021.10/bin/../lib/gcc/arm-none-eabi/10.3.1/thumb/v7-m/nofp\libgcc.a(_arm_cmpdf2.o)
                0x080068c4                __gtdf2
                0x080068c4                __gedf2
                0x080068cc                __ltdf2
                0x080068cc                __ledf2
                0x080068d4                __nedf2
                0x080068d4                __eqdf2
                0x080068d4                __cmpdf2
                0x08006950                __aeabi_cdrcmple
                0x08006960                __aeabi_cdcmpeq
                0x08006960                __aeabi_cdcmple
                0x08006970                __aeabi_dcmpeq
                0x08006984                __aeabi_dcmplt
                0x08006998                __aeabi_dcmple
                0x080069ac                __aeabi_dcmpge
                0x080069c0                __aeabi_dcmpgt
 .text          0x080069d4       0x2c d:/00green/gcc-arm-none-eabi-10.3-2021.10/bin/../lib/gcc/arm-none-eabi/10.3.1/thumb/v7-m/nofp\libgcc.a(_arm_unorddf2.o)
                0x080069d4                __unorddf2
                0x080069d4                __aeabi_dcmpun
 .text          0x08006a00       0xa0 d:/00green/gcc-arm-none-eabi-10.3-2021.10/bin/../lib/gcc/arm-none-eabi/10.3.1/thumb/v7-m/nofp\libgcc.a(_arm_truncdfsf2.o)
                0x08006a00                __truncdfsf2
                0x08006a00                __aeabi_d2f
 .text          0x08006aa0      0x21c d:/00green/gcc-arm-none-eabi-10.3-2021.10/bin/../lib/gcc/arm-none-eabi/10.3.1/thumb/v7-m/nofp\libgcc.a(_arm_addsubsf3.o)
                0x08006aa0                __aeabi_frsub
                0x08006aa8                __subsf3
                0x08006aa8                __aeabi_fsub
                0x08006aac                __aeabi_fadd
                0x08006aac                __addsf3
                0x08006c0c                __aeabi_ui2f
                0x08006c0c                __floatunsisf
                0x08006c14                __aeabi_i2f
                0x08006c14                __floatsisf
                0x08006c30                __aeabi_ul2f
                0x08006c30                __floatundisf
                0x08006c40                __aeabi_l2f
                0x08006c40                __floatdisf
 .text          0x08006cbc      0x2a0 d:/00green/gcc-arm-none-eabi-10.3-2021.10/bin/../lib/gcc/arm-none-eabi/10.3.1/thumb/v7-m/nofp\libgcc.a(_arm_muldivsf3.o)
                0x08006cbc                __mulsf3
                0x08006cbc                __aeabi_fmul
                0x08006e24                __aeabi_fdiv
                0x08006e24                __divsf3
 .text          0x08006f5c       0xec d:/00green/gcc-arm-none-eabi-10.3-2021.10/bin/../lib/gcc/arm-none-eabi/10.3.1/thumb/v7-m/nofp\libgcc.a(_arm_cmpsf2.o)
                0x08006f5c                __gesf2
                0x08006f5c                __gtsf2
                0x08006f64                __lesf2
                0x08006f64                __ltsf2
                0x08006f6c                __nesf2
                0x08006f6c                __eqsf2
                0x08006f6c                __cmpsf2
                0x08006fcc                __aeabi_cfrcmple
                0x08006fd4                __aeabi_cfcmpeq
                0x08006fd4                __aeabi_cfcmple
                0x08006fe4                __aeabi_fcmpeq
                0x08006ff8                __aeabi_fcmplt
                0x0800700c                __aeabi_fcmple
                0x08007020                __aeabi_fcmpge
                0x08007034                __aeabi_fcmpgt
 .text          0x08007048       0x2c d:/00green/gcc-arm-none-eabi-10.3-2021.10/bin/../lib/gcc/arm-none-eabi/10.3.1/thumb/v7-m/nofp\libgcc.a(_arm_unordsf2.o)
                0x08007048                __unordsf2
                0x08007048                __aeabi_fcmpun
 .text          0x08007074       0x4c d:/00green/gcc-arm-none-eabi-10.3-2021.10/bin/../lib/gcc/arm-none-eabi/10.3.1/thumb/v7-m/nofp\libgcc.a(_arm_fixsfsi.o)
                0x08007074                __aeabi_f2iz
                0x08007074                __fixsfsi
 .text          0x080070c0      0x9e4 d:/00green/gcc-arm-none-eabi-10.3-2021.10/bin/../lib/gcc/arm-none-eabi/10.3.1/thumb/v7-m/nofp\libgcc.a(unwind-arm.o)
                0x08007380                _Unwind_GetCFA
                0x08007384                __gnu_Unwind_RaiseException
                0x080073ec                __gnu_Unwind_ForcedUnwind
                0x08007400                __gnu_Unwind_Resume
                0x08007444                __gnu_Unwind_Resume_or_Rethrow
                0x08007458                _Unwind_Complete
                0x0800745c                _Unwind_DeleteException
                0x08007468                _Unwind_VRS_Get
                0x080074b4                _Unwind_VRS_Set
                0x080074fc                __gnu_Unwind_Backtrace
                0x08007824                __aeabi_unwind_cpp_pr0
                0x08007828                __aeabi_unwind_cpp_pr1
                0x0800782c                __aeabi_unwind_cpp_pr2
                0x08007830                _Unwind_VRS_Pop
 .text          0x08007aa4      0x1ac d:/00green/gcc-arm-none-eabi-10.3-2021.10/bin/../lib/gcc/arm-none-eabi/10.3.1/thumb/v7-m/nofp\libgcc.a(libunwind.o)
                0x08007aa4                __restore_core_regs
                0x08007aa4                restore_core_regs
                0x08007abc                __gnu_Unwind_Restore_VFP
                0x08007ac4                __gnu_Unwind_Save_VFP
                0x08007acc                __gnu_Unwind_Restore_VFP_D
                0x08007ad4                __gnu_Unwind_Save_VFP_D
                0x08007adc                __gnu_Unwind_Restore_VFP_D_16_to_31
                0x08007ae4                __gnu_Unwind_Save_VFP_D_16_to_31
                0x08007aec                __gnu_Unwind_Restore_WMMXD
                0x08007b30                __gnu_Unwind_Save_WMMXD
                0x08007b74                __gnu_Unwind_Restore_WMMXC
                0x08007b88                __gnu_Unwind_Save_WMMXC
                0x08007b9c                ___Unwind_RaiseException
                0x08007b9c                _Unwind_RaiseException
                0x08007bc0                _Unwind_Resume
                0x08007bc0                ___Unwind_Resume
                0x08007be4                _Unwind_Resume_or_Rethrow
                0x08007be4                ___Unwind_Resume_or_Rethrow
                0x08007c08                _Unwind_ForcedUnwind
                0x08007c08                ___Unwind_ForcedUnwind
                0x08007c2c                ___Unwind_Backtrace
                0x08007c2c                _Unwind_Backtrace
 .text          0x08007c50      0x38c d:/00green/gcc-arm-none-eabi-10.3-2021.10/bin/../lib/gcc/arm-none-eabi/10.3.1/thumb/v7-m/nofp\libgcc.a(pr-support.o)
                0x08007ca8                __gnu_unwind_execute
                0x08007f8c                __gnu_unwind_frame
                0x08007fbc                _Unwind_GetRegionStart
                0x08007fc8                _Unwind_GetLanguageSpecificData
 .text          0x08007fdc       0xec d:/00green/gcc-arm-none-eabi-10.3-2021.10/bin/../lib/gcc/arm-none-eabi/10.3.1/../../../../arm-none-eabi/lib/thumb/v7-m/nofp\libg.a(lib_a-memcpy.o)
                0x08007fdc                memcpy
 .text          0x080080c8      0x1bc d:/00green/gcc-arm-none-eabi-10.3-2021.10/bin/../lib/gcc/arm-none-eabi/10.3.1/../../../../arm-none-eabi/lib/thumb/v7-m/nofp\libg.a(lib_a-strcmp.o)
                0x080080c8                strcmp
 .text          0x08008284       0x50 d:/00green/gcc-arm-none-eabi-10.3-2021.10/bin/../lib/gcc/arm-none-eabi/10.3.1/thumb/v7-m/nofp\libgcc.a(_arm_fixdfsi.o)
                0x08008284                __aeabi_d2iz
                0x08008284                __fixdfsi
 .text          0x080082d4       0x40 d:/00green/gcc-arm-none-eabi-10.3-2021.10/bin/../lib/gcc/arm-none-eabi/10.3.1/thumb/v7-m/nofp\libgcc.a(_arm_fixunsdfsi.o)
                0x080082d4                __aeabi_d2uiz
                0x080082d4                __fixunsdfsi
 .text          0x08008314       0x30 d:/00green/gcc-arm-none-eabi-10.3-2021.10/bin/../lib/gcc/arm-none-eabi/10.3.1/thumb/v7-m/nofp\libgcc.a(_aeabi_uldivmod.o)
                0x08008314                __aeabi_uldivmod
 .text          0x08008344       0x34 d:/00green/gcc-arm-none-eabi-10.3-2021.10/bin/../lib/gcc/arm-none-eabi/10.3.1/thumb/v7-m/nofp\libgcc.a(_fixdfdi.o)
                0x08008344                __fixdfdi
                0x08008344                __aeabi_d2lz
 .text          0x08008378       0x3c d:/00green/gcc-arm-none-eabi-10.3-2021.10/bin/../lib/gcc/arm-none-eabi/10.3.1/thumb/v7-m/nofp\libgcc.a(_fixunsdfdi.o)
                0x08008378                __fixunsdfdi
                0x08008378                __aeabi_d2ulz
 .text          0x080083b4      0x2d4 d:/00green/gcc-arm-none-eabi-10.3-2021.10/bin/../lib/gcc/arm-none-eabi/10.3.1/thumb/v7-m/nofp\libgcc.a(_udivmoddi4.o)
                0x080083b4                __udivmoddi4
 .text          0x08008688        0x4 d:/00green/gcc-arm-none-eabi-10.3-2021.10/bin/../lib/gcc/arm-none-eabi/10.3.1/thumb/v7-m/nofp\libgcc.a(_dvmd_tls.o)
                0x08008688                __aeabi_idiv0
                0x08008688                __aeabi_ldiv0
 *(.text*)
 .text.MX_ADC1_Init
                0x0800868c       0x90 CMakeFiles/Ctrl-Step-STM32-fw.elf.dir/Core/Src/adc.c.obj
                0x0800868c                MX_ADC1_Init
 .text.HAL_ADC_MspInit
                0x0800871c       0x9c CMakeFiles/Ctrl-Step-STM32-fw.elf.dir/Core/Src/adc.c.obj
                0x0800871c                HAL_ADC_MspInit
 .text.AdcGetChipTemperature
                0x080087b8       0x98 CMakeFiles/Ctrl-Step-STM32-fw.elf.dir/Core/Src/adc.c.obj
                0x080087b8                AdcGetChipTemperature
 .text.MX_CAN_Init
                0x08008850       0xa4 CMakeFiles/Ctrl-Step-STM32-fw.elf.dir/Core/Src/can.c.obj
                0x08008850                MX_CAN_Init
 .text.HAL_CAN_MspInit
                0x080088f4       0xc8 CMakeFiles/Ctrl-Step-STM32-fw.elf.dir/Core/Src/can.c.obj
                0x080088f4                HAL_CAN_MspInit
 .text.CAN_Send
                0x080089bc       0x20 CMakeFiles/Ctrl-Step-STM32-fw.elf.dir/Core/Src/can.c.obj
                0x080089bc                CAN_Send
 .text.HAL_CAN_RxFifo0MsgPendingCallback
                0x080089dc       0x48 CMakeFiles/Ctrl-Step-STM32-fw.elf.dir/Core/Src/can.c.obj
                0x080089dc                HAL_CAN_RxFifo0MsgPendingCallback
 .text.MX_DMA_Init
                0x08008a24       0x54 CMakeFiles/Ctrl-Step-STM32-fw.elf.dir/Core/Src/dma.c.obj
                0x08008a24                MX_DMA_Init
 .text.MX_GPIO_Init
                0x08008a78      0x140 CMakeFiles/Ctrl-Step-STM32-fw.elf.dir/Core/Src/gpio.c.obj
                0x08008a78                MX_GPIO_Init
 .text.Error_Handler
                0x08008bb8        0x4 CMakeFiles/Ctrl-Step-STM32-fw.elf.dir/Core/Src/main.c.obj
                0x08008bb8                Error_Handler
 .text.SystemClock_Config
                0x08008bbc       0x84 CMakeFiles/Ctrl-Step-STM32-fw.elf.dir/Core/Src/main.c.obj
                0x08008bbc                SystemClock_Config
 .text.main     0x08008c40       0x38 CMakeFiles/Ctrl-Step-STM32-fw.elf.dir/Core/Src/main.c.obj
                0x08008c40                main
 .text.MX_SPI1_Init
                0x08008c78       0x4c CMakeFiles/Ctrl-Step-STM32-fw.elf.dir/Core/Src/spi.c.obj
                0x08008c78                MX_SPI1_Init
 .text.HAL_SPI_MspInit
                0x08008cc4       0x88 CMakeFiles/Ctrl-Step-STM32-fw.elf.dir/Core/Src/spi.c.obj
                0x08008cc4                HAL_SPI_MspInit
 .text.HAL_MspInit
                0x08008d4c       0x44 CMakeFiles/Ctrl-Step-STM32-fw.elf.dir/Core/Src/stm32f1xx_hal_msp.c.obj
                0x08008d4c                HAL_MspInit
 .text.NMI_Handler
                0x08008d90        0x2 CMakeFiles/Ctrl-Step-STM32-fw.elf.dir/Core/Src/stm32f1xx_it.c.obj
                0x08008d90                NMI_Handler
 .text.HardFault_Handler
                0x08008d92        0x2 CMakeFiles/Ctrl-Step-STM32-fw.elf.dir/Core/Src/stm32f1xx_it.c.obj
                0x08008d92                HardFault_Handler
 .text.MemManage_Handler
                0x08008d94        0x2 CMakeFiles/Ctrl-Step-STM32-fw.elf.dir/Core/Src/stm32f1xx_it.c.obj
                0x08008d94                MemManage_Handler
 .text.BusFault_Handler
                0x08008d96        0x2 CMakeFiles/Ctrl-Step-STM32-fw.elf.dir/Core/Src/stm32f1xx_it.c.obj
                0x08008d96                BusFault_Handler
 .text.UsageFault_Handler
                0x08008d98        0x2 CMakeFiles/Ctrl-Step-STM32-fw.elf.dir/Core/Src/stm32f1xx_it.c.obj
                0x08008d98                UsageFault_Handler
 .text.SVC_Handler
                0x08008d9a        0x2 CMakeFiles/Ctrl-Step-STM32-fw.elf.dir/Core/Src/stm32f1xx_it.c.obj
                0x08008d9a                SVC_Handler
 .text.DebugMon_Handler
                0x08008d9c        0x2 CMakeFiles/Ctrl-Step-STM32-fw.elf.dir/Core/Src/stm32f1xx_it.c.obj
                0x08008d9c                DebugMon_Handler
 .text.PendSV_Handler
                0x08008d9e        0x2 CMakeFiles/Ctrl-Step-STM32-fw.elf.dir/Core/Src/stm32f1xx_it.c.obj
                0x08008d9e                PendSV_Handler
 .text.SysTick_Handler
                0x08008da0        0x8 CMakeFiles/Ctrl-Step-STM32-fw.elf.dir/Core/Src/stm32f1xx_it.c.obj
                0x08008da0                SysTick_Handler
 .text.DMA1_Channel1_IRQHandler
                0x08008da8       0x10 CMakeFiles/Ctrl-Step-STM32-fw.elf.dir/Core/Src/stm32f1xx_it.c.obj
                0x08008da8                DMA1_Channel1_IRQHandler
 .text.DMA1_Channel4_IRQHandler
                0x08008db8       0x10 CMakeFiles/Ctrl-Step-STM32-fw.elf.dir/Core/Src/stm32f1xx_it.c.obj
                0x08008db8                DMA1_Channel4_IRQHandler
 .text.DMA1_Channel5_IRQHandler
                0x08008dc8       0x10 CMakeFiles/Ctrl-Step-STM32-fw.elf.dir/Core/Src/stm32f1xx_it.c.obj
                0x08008dc8                DMA1_Channel5_IRQHandler
 .text.USB_HP_CAN1_TX_IRQHandler
                0x08008dd8       0x10 CMakeFiles/Ctrl-Step-STM32-fw.elf.dir/Core/Src/stm32f1xx_it.c.obj
                0x08008dd8                USB_HP_CAN1_TX_IRQHandler
 .text.USB_LP_CAN1_RX0_IRQHandler
                0x08008de8       0x10 CMakeFiles/Ctrl-Step-STM32-fw.elf.dir/Core/Src/stm32f1xx_it.c.obj
                0x08008de8                USB_LP_CAN1_RX0_IRQHandler
 .text.CAN1_RX1_IRQHandler
                0x08008df8       0x10 CMakeFiles/Ctrl-Step-STM32-fw.elf.dir/Core/Src/stm32f1xx_it.c.obj
                0x08008df8                CAN1_RX1_IRQHandler
 .text.CAN1_SCE_IRQHandler
                0x08008e08       0x10 CMakeFiles/Ctrl-Step-STM32-fw.elf.dir/Core/Src/stm32f1xx_it.c.obj
                0x08008e08                CAN1_SCE_IRQHandler
 .text.EXTI9_5_IRQHandler
                0x08008e18        0x2 CMakeFiles/Ctrl-Step-STM32-fw.elf.dir/Core/Src/stm32f1xx_it.c.obj
                0x08008e18                EXTI9_5_IRQHandler
 .text.TIM1_UP_IRQHandler
                0x08008e1a        0x8 CMakeFiles/Ctrl-Step-STM32-fw.elf.dir/Core/Src/stm32f1xx_it.c.obj
                0x08008e1a                TIM1_UP_IRQHandler
 .text.TIM3_IRQHandler
                0x08008e22        0x2 CMakeFiles/Ctrl-Step-STM32-fw.elf.dir/Core/Src/stm32f1xx_it.c.obj
                0x08008e22                TIM3_IRQHandler
 .text.TIM4_IRQHandler
                0x08008e24        0x8 CMakeFiles/Ctrl-Step-STM32-fw.elf.dir/Core/Src/stm32f1xx_it.c.obj
                0x08008e24                TIM4_IRQHandler
 .text.USART1_IRQHandler
                0x08008e2c       0x78 CMakeFiles/Ctrl-Step-STM32-fw.elf.dir/Core/Src/stm32f1xx_it.c.obj
                0x08008e2c                USART1_IRQHandler
 .text._getpid  0x08008ea4        0x4 CMakeFiles/Ctrl-Step-STM32-fw.elf.dir/Core/Src/syscalls.c.obj
                0x08008ea4                _getpid
 .text._kill    0x08008ea8       0x10 CMakeFiles/Ctrl-Step-STM32-fw.elf.dir/Core/Src/syscalls.c.obj
                0x08008ea8                _kill
 .text._exit    0x08008eb8        0xc CMakeFiles/Ctrl-Step-STM32-fw.elf.dir/Core/Src/syscalls.c.obj
                0x08008eb8                _exit
 .text._sbrk    0x08008ec4       0x3c CMakeFiles/Ctrl-Step-STM32-fw.elf.dir/Core/Src/syscalls.c.obj
                0x08008ec4                _sbrk
 .text.SystemInit
                0x08008f00        0x2 CMakeFiles/Ctrl-Step-STM32-fw.elf.dir/Core/Src/system_stm32f1xx.c.obj
                0x08008f00                SystemInit
 *fill*         0x08008f02        0x2 
 .text.MX_TIM1_Init
                0x08008f04       0x74 CMakeFiles/Ctrl-Step-STM32-fw.elf.dir/Core/Src/tim.c.obj
                0x08008f04                MX_TIM1_Init
 .text.MX_TIM3_Init
                0x08008f78       0xac CMakeFiles/Ctrl-Step-STM32-fw.elf.dir/Core/Src/tim.c.obj
                0x08008f78                MX_TIM3_Init
 .text.MX_TIM4_Init
                0x08009024       0x70 CMakeFiles/Ctrl-Step-STM32-fw.elf.dir/Core/Src/tim.c.obj
                0x08009024                MX_TIM4_Init
 .text.HAL_TIM_Base_MspInit
                0x08009094       0xcc CMakeFiles/Ctrl-Step-STM32-fw.elf.dir/Core/Src/tim.c.obj
                0x08009094                HAL_TIM_Base_MspInit
 .text.HAL_TIM_PWM_MspInit
                0x08009160       0x26 CMakeFiles/Ctrl-Step-STM32-fw.elf.dir/Core/Src/tim.c.obj
                0x08009160                HAL_TIM_PWM_MspInit
 *fill*         0x08009186        0x2 
 .text.HAL_TIM_MspPostInit
                0x08009188       0x64 CMakeFiles/Ctrl-Step-STM32-fw.elf.dir/Core/Src/tim.c.obj
                0x08009188                HAL_TIM_MspPostInit
 .text.MX_TIM2_Init
                0x080091ec       0xa0 CMakeFiles/Ctrl-Step-STM32-fw.elf.dir/Core/Src/tim.c.obj
                0x080091ec                MX_TIM2_Init
 .text.HAL_UART_MspInit
                0x0800928c      0x104 CMakeFiles/Ctrl-Step-STM32-fw.elf.dir/Core/Src/usart.c.obj
                0x0800928c                HAL_UART_MspInit
 .text.Uart_SetRxCpltCallBack
                0x08009390        0xc CMakeFiles/Ctrl-Step-STM32-fw.elf.dir/Core/Src/usart.c.obj
                0x08009390                Uart_SetRxCpltCallBack
 .text.MX_USART1_UART_Init
                0x0800939c       0x60 CMakeFiles/Ctrl-Step-STM32-fw.elf.dir/Core/Src/usart.c.obj
                0x0800939c                MX_USART1_UART_Init
 .text._ZN12TB67H450Base8InitGpioEv
                0x080093fc        0x2 CMakeFiles/Ctrl-Step-STM32-fw.elf.dir/Ctrl/Driver/tb67h450_base.cpp.obj
                0x080093fc                TB67H450Base::InitGpio()
 .text._ZN12TB67H450Base7InitPwmEv
                0x080093fe        0x2 CMakeFiles/Ctrl-Step-STM32-fw.elf.dir/Ctrl/Driver/tb67h450_base.cpp.obj
                0x080093fe                TB67H450Base::InitPwm()
 .text._ZN12TB67H450Base16DacOutputVoltageEtt
                0x08009400        0x2 CMakeFiles/Ctrl-Step-STM32-fw.elf.dir/Ctrl/Driver/tb67h450_base.cpp.obj
                0x08009400                TB67H450Base::DacOutputVoltage(unsigned short, unsigned short)
 .text._ZN12TB67H450Base9SetInputAEbb
                0x08009402        0x2 CMakeFiles/Ctrl-Step-STM32-fw.elf.dir/Ctrl/Driver/tb67h450_base.cpp.obj
                0x08009402                TB67H450Base::SetInputA(bool, bool)
 .text._ZN12TB67H450Base9SetInputBEbb
                0x08009404        0x2 CMakeFiles/Ctrl-Step-STM32-fw.elf.dir/Ctrl/Driver/tb67h450_base.cpp.obj
                0x08009404                TB67H450Base::SetInputB(bool, bool)
 .text._ZN12TB67H450Base4InitEv
                0x08009406       0x14 CMakeFiles/Ctrl-Step-STM32-fw.elf.dir/Ctrl/Driver/tb67h450_base.cpp.obj
                0x08009406                TB67H450Base::Init()
 *fill*         0x0800941a        0x2 
 .text._ZN12TB67H450Base19SetFocCurrentVectorEml
                0x0800941c       0xd4 CMakeFiles/Ctrl-Step-STM32-fw.elf.dir/Ctrl/Driver/tb67h450_base.cpp.obj
                0x0800941c                TB67H450Base::SetFocCurrentVector(unsigned long, long)
 .text._ZN12TB67H450Base18SetTwoCoilsCurrentEtt
                0x080094f0        0xa CMakeFiles/Ctrl-Step-STM32-fw.elf.dir/Ctrl/Driver/tb67h450_base.cpp.obj
                0x080094f0                TB67H450Base::SetTwoCoilsCurrent(unsigned short, unsigned short)
 .text._ZN12TB67H450Base5SleepEv
                0x080094fa       0x2e CMakeFiles/Ctrl-Step-STM32-fw.elf.dir/Ctrl/Driver/tb67h450_base.cpp.obj
                0x080094fa                TB67H450Base::Sleep()
 .text._ZN12TB67H450Base5BrakeEv
                0x08009528       0x2c CMakeFiles/Ctrl-Step-STM32-fw.elf.dir/Ctrl/Driver/tb67h450_base.cpp.obj
                0x08009528                TB67H450Base::Brake()
 .text._ZN13MotionPlanner14CurrentTracker7NewTaskEl
                0x08009554        0x8 CMakeFiles/Ctrl-Step-STM32-fw.elf.dir/Ctrl/Motor/motion_planner.cpp.obj
                0x08009554                MotionPlanner::CurrentTracker::NewTask(long)
 .text._ZN13MotionPlanner14CurrentTracker19CalcCurrentIntegralEl
                0x0800955c       0x26 CMakeFiles/Ctrl-Step-STM32-fw.elf.dir/Ctrl/Motor/motion_planner.cpp.obj
                0x0800955c                MotionPlanner::CurrentTracker::CalcCurrentIntegral(long)
 .text._ZN13MotionPlanner14CurrentTracker12CalcSoftGoalEl
                0x08009582       0x78 CMakeFiles/Ctrl-Step-STM32-fw.elf.dir/Ctrl/Motor/motion_planner.cpp.obj
                0x08009582                MotionPlanner::CurrentTracker::CalcSoftGoal(long)
 .text._ZN13MotionPlanner14CurrentTracker13SetCurrentAccEl
                0x080095fa        0x4 CMakeFiles/Ctrl-Step-STM32-fw.elf.dir/Ctrl/Motor/motion_planner.cpp.obj
                0x080095fa                MotionPlanner::CurrentTracker::SetCurrentAcc(long)
 .text._ZN13MotionPlanner14CurrentTracker4InitEv
                0x080095fe       0x10 CMakeFiles/Ctrl-Step-STM32-fw.elf.dir/Ctrl/Motor/motion_planner.cpp.obj
                0x080095fe                MotionPlanner::CurrentTracker::Init()
 .text._ZN13MotionPlanner15VelocityTracker14SetVelocityAccEl
                0x0800960e        0x4 CMakeFiles/Ctrl-Step-STM32-fw.elf.dir/Ctrl/Motor/motion_planner.cpp.obj
                0x0800960e                MotionPlanner::VelocityTracker::SetVelocityAcc(long)
 .text._ZN13MotionPlanner15VelocityTracker4InitEv
                0x08009612       0x10 CMakeFiles/Ctrl-Step-STM32-fw.elf.dir/Ctrl/Motor/motion_planner.cpp.obj
                0x08009612                MotionPlanner::VelocityTracker::Init()
 .text._ZN13MotionPlanner15VelocityTracker7NewTaskEl
                0x08009622        0x8 CMakeFiles/Ctrl-Step-STM32-fw.elf.dir/Ctrl/Motor/motion_planner.cpp.obj
                0x08009622                MotionPlanner::VelocityTracker::NewTask(long)
 .text._ZN13MotionPlanner15VelocityTracker20CalcVelocityIntegralEl
                0x0800962a       0x26 CMakeFiles/Ctrl-Step-STM32-fw.elf.dir/Ctrl/Motor/motion_planner.cpp.obj
                0x0800962a                MotionPlanner::VelocityTracker::CalcVelocityIntegral(long)
 .text._ZN13MotionPlanner15VelocityTracker12CalcSoftGoalEl
                0x08009650       0x78 CMakeFiles/Ctrl-Step-STM32-fw.elf.dir/Ctrl/Motor/motion_planner.cpp.obj
                0x08009650                MotionPlanner::VelocityTracker::CalcSoftGoal(long)
 .text._ZN13MotionPlanner15PositionTracker14SetVelocityAccEl
                0x080096c8       0x1c CMakeFiles/Ctrl-Step-STM32-fw.elf.dir/Ctrl/Motor/motion_planner.cpp.obj
                0x080096c8                MotionPlanner::PositionTracker::SetVelocityAcc(long)
 .text._ZN13MotionPlanner15PositionTracker4InitEv
                0x080096e4       0x2c CMakeFiles/Ctrl-Step-STM32-fw.elf.dir/Ctrl/Motor/motion_planner.cpp.obj
                0x080096e4                MotionPlanner::PositionTracker::Init()
 .text._ZN13MotionPlanner15PositionTracker7NewTaskEll
                0x08009710        0xc CMakeFiles/Ctrl-Step-STM32-fw.elf.dir/Ctrl/Motor/motion_planner.cpp.obj
                0x08009710                MotionPlanner::PositionTracker::NewTask(long, long)
 .text._ZN13MotionPlanner15PositionTracker20CalcPositionIntegralEl
                0x0800971c       0x26 CMakeFiles/Ctrl-Step-STM32-fw.elf.dir/Ctrl/Motor/motion_planner.cpp.obj
                0x0800971c                MotionPlanner::PositionTracker::CalcPositionIntegral(long)
 .text._ZN13MotionPlanner15PositionTracker20CalcVelocityIntegralEl
                0x08009742       0x26 CMakeFiles/Ctrl-Step-STM32-fw.elf.dir/Ctrl/Motor/motion_planner.cpp.obj
                0x08009742                MotionPlanner::PositionTracker::CalcVelocityIntegral(long)
 .text._ZN13MotionPlanner15PositionTracker12CalcSoftGoalEl
                0x08009768      0x1ec CMakeFiles/Ctrl-Step-STM32-fw.elf.dir/Ctrl/Motor/motion_planner.cpp.obj
                0x08009768                MotionPlanner::PositionTracker::CalcSoftGoal(long)
 .text._ZN13MotionPlanner20PositionInterpolator7NewTaskEll
                0x08009954        0xa CMakeFiles/Ctrl-Step-STM32-fw.elf.dir/Ctrl/Motor/motion_planner.cpp.obj
                0x08009954                MotionPlanner::PositionInterpolator::NewTask(long, long)
 .text._ZN13MotionPlanner20PositionInterpolator12CalcSoftGoalEl
                0x0800995e       0x32 CMakeFiles/Ctrl-Step-STM32-fw.elf.dir/Ctrl/Motor/motion_planner.cpp.obj
                0x0800995e                MotionPlanner::PositionInterpolator::CalcSoftGoal(long)
 .text._ZN13MotionPlanner17TrajectoryTracker22SetSlowDownVelocityAccEl
                0x08009990        0x4 CMakeFiles/Ctrl-Step-STM32-fw.elf.dir/Ctrl/Motor/motion_planner.cpp.obj
                0x08009990                MotionPlanner::TrajectoryTracker::SetSlowDownVelocityAcc(long)
 .text._ZN13MotionPlanner17TrajectoryTracker7NewTaskEll
                0x08009994       0x10 CMakeFiles/Ctrl-Step-STM32-fw.elf.dir/Ctrl/Motor/motion_planner.cpp.obj
                0x08009994                MotionPlanner::TrajectoryTracker::NewTask(long, long)
 .text._ZN13MotionPlanner17TrajectoryTracker20CalcVelocityIntegralEl
                0x080099a4       0x26 CMakeFiles/Ctrl-Step-STM32-fw.elf.dir/Ctrl/Motor/motion_planner.cpp.obj
                0x080099a4                MotionPlanner::TrajectoryTracker::CalcVelocityIntegral(long)
 .text._ZN13MotionPlanner17TrajectoryTracker20CalcPositionIntegralEl
                0x080099ca       0x26 CMakeFiles/Ctrl-Step-STM32-fw.elf.dir/Ctrl/Motor/motion_planner.cpp.obj
                0x080099ca                MotionPlanner::TrajectoryTracker::CalcPositionIntegral(long)
 .text._ZN13MotionPlanner17TrajectoryTracker12CalcSoftGoalEll
                0x080099f0       0xda CMakeFiles/Ctrl-Step-STM32-fw.elf.dir/Ctrl/Motor/motion_planner.cpp.obj
                0x080099f0                MotionPlanner::TrajectoryTracker::CalcSoftGoal(long, long)
 .text._ZN13MotionPlanner17TrajectoryTracker4InitEl
                0x08009aca       0x16 CMakeFiles/Ctrl-Step-STM32-fw.elf.dir/Ctrl/Motor/motion_planner.cpp.obj
                0x08009aca                MotionPlanner::TrajectoryTracker::Init(long)
 .text._ZN13MotionPlanner12AttachConfigEPNS_8Config_tE
                0x08009ae0       0x2a CMakeFiles/Ctrl-Step-STM32-fw.elf.dir/Ctrl/Motor/motion_planner.cpp.obj
                0x08009ae0                MotionPlanner::AttachConfig(MotionPlanner::Config_t*)
 .text._ZN5Motor13AttachEncoderEP11EncoderBase
                0x08009b0a        0x6 CMakeFiles/Ctrl-Step-STM32-fw.elf.dir/Ctrl/Motor/motor.cpp.obj
                0x08009b0a                Motor::AttachEncoder(EncoderBase*)
 .text._ZN5Motor12AttachDriverEP10DriverBase
                0x08009b10        0x6 CMakeFiles/Ctrl-Step-STM32-fw.elf.dir/Ctrl/Motor/motor.cpp.obj
                0x08009b10                Motor::AttachDriver(DriverBase*)
 .text._ZN5Motor10Controller19CalcCurrentToOutputEl
                0x08009b16       0x3c CMakeFiles/Ctrl-Step-STM32-fw.elf.dir/Ctrl/Motor/motor.cpp.obj
                0x08009b16                Motor::Controller::CalcCurrentToOutput(long)
 *fill*         0x08009b52        0x2 
 .text._ZN5Motor10Controller15CalcPidToOutputEl
                0x08009b54       0xc8 CMakeFiles/Ctrl-Step-STM32-fw.elf.dir/Ctrl/Motor/motor.cpp.obj
                0x08009b54                Motor::Controller::CalcPidToOutput(long)
 .text._ZN5Motor10Controller15CalcDceToOutputEll
                0x08009c1c       0xf4 CMakeFiles/Ctrl-Step-STM32-fw.elf.dir/Ctrl/Motor/motor.cpp.obj
                0x08009c1c                Motor::Controller::CalcDceToOutput(long, long)
 .text._ZN5Motor10Controller11SetCtrlModeENS_6Mode_tE
                0x08009d10        0x4 CMakeFiles/Ctrl-Step-STM32-fw.elf.dir/Ctrl/Motor/motor.cpp.obj
                0x08009d10                Motor::Controller::SetCtrlMode(Motor::Mode_t)
 .text._ZN5Motor10Controller19SetPositionSetPointEl
                0x08009d14        0xa CMakeFiles/Ctrl-Step-STM32-fw.elf.dir/Ctrl/Motor/motor.cpp.obj
                0x08009d14                Motor::Controller::SetPositionSetPoint(long)
 *fill*         0x08009d1e        0x2 
 .text._ZN5Motor10Controller27SetPositionSetPointWithTimeElf
                0x08009d20       0xbc CMakeFiles/Ctrl-Step-STM32-fw.elf.dir/Ctrl/Motor/motor.cpp.obj
                0x08009d20                Motor::Controller::SetPositionSetPointWithTime(long, float)
 .text._ZN5Motor10Controller19SetVelocitySetPointEl
                0x08009ddc       0x12 CMakeFiles/Ctrl-Step-STM32-fw.elf.dir/Ctrl/Motor/motor.cpp.obj
                0x08009ddc                Motor::Controller::SetVelocitySetPoint(long)
 .text._ZN5Motor10Controller11GetPositionEb
                0x08009dee       0x40 CMakeFiles/Ctrl-Step-STM32-fw.elf.dir/Ctrl/Motor/motor.cpp.obj
                0x08009dee                Motor::Controller::GetPosition(bool)
 .text._ZN5Motor10Controller11GetVelocityEv
                0x08009e2e       0x1e CMakeFiles/Ctrl-Step-STM32-fw.elf.dir/Ctrl/Motor/motor.cpp.obj
                0x08009e2e                Motor::Controller::GetVelocity()
 .text._ZN5Motor10Controller13GetFocCurrentEv
                0x08009e4c       0x14 CMakeFiles/Ctrl-Step-STM32-fw.elf.dir/Ctrl/Motor/motor.cpp.obj
                0x08009e4c                Motor::Controller::GetFocCurrent()
 .text._ZN5Motor10Controller18SetCurrentSetPointEl
                0x08009e60       0x1a CMakeFiles/Ctrl-Step-STM32-fw.elf.dir/Ctrl/Motor/motor.cpp.obj
                0x08009e60                Motor::Controller::SetCurrentSetPoint(long)
 .text._ZN5Motor10Controller14ClearStallFlagEv
                0x08009e7a        0x8 CMakeFiles/Ctrl-Step-STM32-fw.elf.dir/Ctrl/Motor/motor.cpp.obj
                0x08009e7a                Motor::Controller::ClearStallFlag()
 *fill*         0x08009e82        0x2 
 .text._ZN5Motor10Controller23CompensateAdvancedAngleEl
                0x08009e84       0xe4 CMakeFiles/Ctrl-Step-STM32-fw.elf.dir/Ctrl/Motor/motor.cpp.obj
                0x08009e84                Motor::Controller::CompensateAdvancedAngle(long)
 .text._ZN5Motor10Controller4InitEv
                0x08009f68       0xa4 CMakeFiles/Ctrl-Step-STM32-fw.elf.dir/Ctrl/Motor/motor.cpp.obj
                0x08009f68                Motor::Controller::Init()
 .text._ZN5Motor10Controller20ApplyPosAsHomeOffsetEv
                0x0800a00c       0x12 CMakeFiles/Ctrl-Step-STM32-fw.elf.dir/Ctrl/Motor/motor.cpp.obj
                0x0800a00c                Motor::Controller::ApplyPosAsHomeOffset()
 .text._ZN5Motor10Controller12AttachConfigEPNS0_8Config_tE
                0x0800a01e        0x4 CMakeFiles/Ctrl-Step-STM32-fw.elf.dir/Ctrl/Motor/motor.cpp.obj
                0x0800a01e                Motor::Controller::AttachConfig(Motor::Controller::Config_t*)
 .text._ZNK5Motor10Controller13ClearIntegralEv
                0x0800a022       0x1c CMakeFiles/Ctrl-Step-STM32-fw.elf.dir/Ctrl/Motor/motor.cpp.obj
                0x0800a022                Motor::Controller::ClearIntegral() const
 *fill*         0x0800a03e        0x2 
 .text._ZN5Motor20CloseLoopControlTickEv
                0x0800a040      0x544 CMakeFiles/Ctrl-Step-STM32-fw.elf.dir/Ctrl/Motor/motor.cpp.obj
                0x0800a040                Motor::CloseLoopControlTick()
 .text._ZN5Motor9Tick20kHzEv
                0x0800a584       0x16 CMakeFiles/Ctrl-Step-STM32-fw.elf.dir/Ctrl/Motor/motor.cpp.obj
                0x0800a584                Motor::Tick20kHz()
 .text._ZN21EncoderCalibratorBase16CycleDataAverageEPKttl
                0x0800a59a       0x4a CMakeFiles/Ctrl-Step-STM32-fw.elf.dir/Ctrl/Sensor/Encoder/encoder_calibrator_base.cpp.obj
                0x0800a59a                EncoderCalibratorBase::CycleDataAverage(unsigned short const*, unsigned short, long)
 .text._ZN21EncoderCalibratorBase9Tick20kHzEv
                0x0800a5e4      0x1d2 CMakeFiles/Ctrl-Step-STM32-fw.elf.dir/Ctrl/Sensor/Encoder/encoder_calibrator_base.cpp.obj
                0x0800a5e4                EncoderCalibratorBase::Tick20kHz()
 .text._ZN21EncoderCalibratorBase8CycleModEmm
                0x0800a7b6        0xc CMakeFiles/Ctrl-Step-STM32-fw.elf.dir/Ctrl/Sensor/Encoder/encoder_calibrator_base.cpp.obj
                0x0800a7b6                EncoderCalibratorBase::CycleMod(unsigned long, unsigned long)
 .text._ZN21EncoderCalibratorBase13CycleSubtractElll
                0x0800a7c2       0x16 CMakeFiles/Ctrl-Step-STM32-fw.elf.dir/Ctrl/Sensor/Encoder/encoder_calibrator_base.cpp.obj
                0x0800a7c2                EncoderCalibratorBase::CycleSubtract(long, long, long)
 .text._ZN21EncoderCalibratorBase12CycleAverageElll
                0x0800a7d8       0x20 CMakeFiles/Ctrl-Step-STM32-fw.elf.dir/Ctrl/Sensor/Encoder/encoder_calibrator_base.cpp.obj
                0x0800a7d8                EncoderCalibratorBase::CycleAverage(long, long, long)
 .text._ZN21EncoderCalibratorBase20CalibrationDataCheckEv
                0x0800a7f8      0x1b8 CMakeFiles/Ctrl-Step-STM32-fw.elf.dir/Ctrl/Sensor/Encoder/encoder_calibrator_base.cpp.obj
                0x0800a7f8                EncoderCalibratorBase::CalibrationDataCheck()
 .text._ZN21EncoderCalibratorBase12TickMainLoopEv
                0x0800a9b0      0x28e CMakeFiles/Ctrl-Step-STM32-fw.elf.dir/Ctrl/Sensor/Encoder/encoder_calibrator_base.cpp.obj
                0x0800a9b0                EncoderCalibratorBase::TickMainLoop()
 .text._ZN10MT6816Base7SpiInitEv
                0x0800ac3e        0x2 CMakeFiles/Ctrl-Step-STM32-fw.elf.dir/Ctrl/Sensor/Encoder/mt6816_base.cpp.obj
                0x0800ac3e                MT6816Base::SpiInit()
 .text._ZN10MT6816Base4InitEv
                0x0800ac40       0x3a CMakeFiles/Ctrl-Step-STM32-fw.elf.dir/Ctrl/Sensor/Encoder/mt6816_base.cpp.obj
                0x0800ac40                MT6816Base::Init()
 .text._ZN10MT6816Base11UpdateAngleEv
                0x0800ac7a       0x96 CMakeFiles/Ctrl-Step-STM32-fw.elf.dir/Ctrl/Sensor/Encoder/mt6816_base.cpp.obj
                0x0800ac7a                MT6816Base::UpdateAngle()
 .text._ZN10MT6816Base12IsCalibratedEv
                0x0800ad10        0x4 CMakeFiles/Ctrl-Step-STM32-fw.elf.dir/Ctrl/Sensor/Encoder/mt6816_base.cpp.obj
                0x0800ad10                MT6816Base::IsCalibrated()
 .text._ZN10MT6816Base24SpiTransmitAndRead16BitsEt
                0x0800ad14        0x0 CMakeFiles/Ctrl-Step-STM32-fw.elf.dir/Ctrl/Sensor/Encoder/mt6816_base.cpp.obj
                0x0800ad14                MT6816Base::SpiTransmitAndRead16Bits(unsigned short)
 .text._ZN10ButtonBase4TickEm
                0x0800ad14       0x4c CMakeFiles/Ctrl-Step-STM32-fw.elf.dir/Ctrl/Signal/button_base.cpp.obj
                0x0800ad14                ButtonBase::Tick(unsigned long)
 .text._ZN10ButtonBase18SetOnEventListenerEPFvNS_5EventEE
                0x0800ad60       0x14 CMakeFiles/Ctrl-Step-STM32-fw.elf.dir/Ctrl/Signal/button_base.cpp.obj
                0x0800ad60                ButtonBase::SetOnEventListener(void (*)(ButtonBase::Event))
 .text._ZN7LedBase6StatusEhb
                0x0800ad74        0xa CMakeFiles/Ctrl-Step-STM32-fw.elf.dir/Ctrl/Signal/led_base.cpp.obj
                0x0800ad74                LedBase::Status(unsigned char, bool)
 .text._ZN7LedBase4TickEmN5Motor7State_tE
                0x0800ad7e      0x1b2 CMakeFiles/Ctrl-Step-STM32-fw.elf.dir/Ctrl/Signal/led_base.cpp.obj
                0x0800ad7e                LedBase::Tick(unsigned long, Motor::State_t)
 .text.HAL_InitTick
                0x0800af30       0x4c CMakeFiles/Ctrl-Step-STM32-fw.elf.dir/Drivers/STM32F1xx_HAL_Driver/Src/stm32f1xx_hal.c.obj
                0x0800af30                HAL_InitTick
 .text.HAL_Init
                0x0800af7c       0x24 CMakeFiles/Ctrl-Step-STM32-fw.elf.dir/Drivers/STM32F1xx_HAL_Driver/Src/stm32f1xx_hal.c.obj
                0x0800af7c                HAL_Init
 .text.HAL_IncTick
                0x0800afa0       0x18 CMakeFiles/Ctrl-Step-STM32-fw.elf.dir/Drivers/STM32F1xx_HAL_Driver/Src/stm32f1xx_hal.c.obj
                0x0800afa0                HAL_IncTick
 .text.HAL_GetTick
                0x0800afb8        0xc CMakeFiles/Ctrl-Step-STM32-fw.elf.dir/Drivers/STM32F1xx_HAL_Driver/Src/stm32f1xx_hal.c.obj
                0x0800afb8                HAL_GetTick
 .text.HAL_Delay
                0x0800afc4       0x28 CMakeFiles/Ctrl-Step-STM32-fw.elf.dir/Drivers/STM32F1xx_HAL_Driver/Src/stm32f1xx_hal.c.obj
                0x0800afc4                HAL_Delay
 .text.HAL_ADC_ConvCpltCallback
                0x0800afec        0x2 CMakeFiles/Ctrl-Step-STM32-fw.elf.dir/Drivers/STM32F1xx_HAL_Driver/Src/stm32f1xx_hal_adc.c.obj
                0x0800afec                HAL_ADC_ConvCpltCallback
 .text.ADC_DMAConvCplt
                0x0800afee       0x52 CMakeFiles/Ctrl-Step-STM32-fw.elf.dir/Drivers/STM32F1xx_HAL_Driver/Src/stm32f1xx_hal_adc.c.obj
                0x0800afee                ADC_DMAConvCplt
 .text.HAL_ADC_ConvHalfCpltCallback
                0x0800b040        0x2 CMakeFiles/Ctrl-Step-STM32-fw.elf.dir/Drivers/STM32F1xx_HAL_Driver/Src/stm32f1xx_hal_adc.c.obj
                0x0800b040                HAL_ADC_ConvHalfCpltCallback
 .text.ADC_DMAHalfConvCplt
                0x0800b042        0xa CMakeFiles/Ctrl-Step-STM32-fw.elf.dir/Drivers/STM32F1xx_HAL_Driver/Src/stm32f1xx_hal_adc.c.obj
                0x0800b042                ADC_DMAHalfConvCplt
 .text.HAL_ADC_ErrorCallback
                0x0800b04c        0x2 CMakeFiles/Ctrl-Step-STM32-fw.elf.dir/Drivers/STM32F1xx_HAL_Driver/Src/stm32f1xx_hal_adc.c.obj
                0x0800b04c                HAL_ADC_ErrorCallback
 .text.ADC_DMAError
                0x0800b04e       0x1a CMakeFiles/Ctrl-Step-STM32-fw.elf.dir/Drivers/STM32F1xx_HAL_Driver/Src/stm32f1xx_hal_adc.c.obj
                0x0800b04e                ADC_DMAError
 .text.HAL_ADC_ConfigChannel
                0x0800b068      0x144 CMakeFiles/Ctrl-Step-STM32-fw.elf.dir/Drivers/STM32F1xx_HAL_Driver/Src/stm32f1xx_hal_adc.c.obj
                0x0800b068                HAL_ADC_ConfigChannel
 .text.ADC_Enable
                0x0800b1ac       0x88 CMakeFiles/Ctrl-Step-STM32-fw.elf.dir/Drivers/STM32F1xx_HAL_Driver/Src/stm32f1xx_hal_adc.c.obj
                0x0800b1ac                ADC_Enable
 .text.HAL_ADC_Start_DMA
                0x0800b234      0x130 CMakeFiles/Ctrl-Step-STM32-fw.elf.dir/Drivers/STM32F1xx_HAL_Driver/Src/stm32f1xx_hal_adc.c.obj
                0x0800b234                HAL_ADC_Start_DMA
 .text.ADC_ConversionStop_Disable
                0x0800b364       0x56 CMakeFiles/Ctrl-Step-STM32-fw.elf.dir/Drivers/STM32F1xx_HAL_Driver/Src/stm32f1xx_hal_adc.c.obj
                0x0800b364                ADC_ConversionStop_Disable
 *fill*         0x0800b3ba        0x2 
 .text.HAL_ADC_Init
                0x0800b3bc      0x108 CMakeFiles/Ctrl-Step-STM32-fw.elf.dir/Drivers/STM32F1xx_HAL_Driver/Src/stm32f1xx_hal_adc.c.obj
                0x0800b3bc                HAL_ADC_Init
 .text.HAL_ADCEx_Calibration_Start
                0x0800b4c4      0x100 CMakeFiles/Ctrl-Step-STM32-fw.elf.dir/Drivers/STM32F1xx_HAL_Driver/Src/stm32f1xx_hal_adc_ex.c.obj
                0x0800b4c4                HAL_ADCEx_Calibration_Start
 .text.HAL_CAN_Init
                0x0800b5c4      0x14c CMakeFiles/Ctrl-Step-STM32-fw.elf.dir/Drivers/STM32F1xx_HAL_Driver/Src/stm32f1xx_hal_can.c.obj
                0x0800b5c4                HAL_CAN_Init
 .text.HAL_CAN_ConfigFilter
                0x0800b710      0x10c CMakeFiles/Ctrl-Step-STM32-fw.elf.dir/Drivers/STM32F1xx_HAL_Driver/Src/stm32f1xx_hal_can.c.obj
                0x0800b710                HAL_CAN_ConfigFilter
 .text.HAL_CAN_Start
                0x0800b81c       0x5c CMakeFiles/Ctrl-Step-STM32-fw.elf.dir/Drivers/STM32F1xx_HAL_Driver/Src/stm32f1xx_hal_can.c.obj
                0x0800b81c                HAL_CAN_Start
 .text.HAL_CAN_AddTxMessage
                0x0800b878       0xfc CMakeFiles/Ctrl-Step-STM32-fw.elf.dir/Drivers/STM32F1xx_HAL_Driver/Src/stm32f1xx_hal_can.c.obj
                0x0800b878                HAL_CAN_AddTxMessage
 .text.HAL_CAN_GetRxMessage
                0x0800b974      0x156 CMakeFiles/Ctrl-Step-STM32-fw.elf.dir/Drivers/STM32F1xx_HAL_Driver/Src/stm32f1xx_hal_can.c.obj
                0x0800b974                HAL_CAN_GetRxMessage
 .text.HAL_CAN_ActivateNotification
                0x0800baca       0x24 CMakeFiles/Ctrl-Step-STM32-fw.elf.dir/Drivers/STM32F1xx_HAL_Driver/Src/stm32f1xx_hal_can.c.obj
                0x0800baca                HAL_CAN_ActivateNotification
 .text.HAL_CAN_TxMailbox0CompleteCallback
                0x0800baee        0x2 CMakeFiles/Ctrl-Step-STM32-fw.elf.dir/Drivers/STM32F1xx_HAL_Driver/Src/stm32f1xx_hal_can.c.obj
                0x0800baee                HAL_CAN_TxMailbox0CompleteCallback
 .text.HAL_CAN_TxMailbox1CompleteCallback
                0x0800baf0        0x2 CMakeFiles/Ctrl-Step-STM32-fw.elf.dir/Drivers/STM32F1xx_HAL_Driver/Src/stm32f1xx_hal_can.c.obj
                0x0800baf0                HAL_CAN_TxMailbox1CompleteCallback
 .text.HAL_CAN_TxMailbox2CompleteCallback
                0x0800baf2        0x2 CMakeFiles/Ctrl-Step-STM32-fw.elf.dir/Drivers/STM32F1xx_HAL_Driver/Src/stm32f1xx_hal_can.c.obj
                0x0800baf2                HAL_CAN_TxMailbox2CompleteCallback
 .text.HAL_CAN_TxMailbox0AbortCallback
                0x0800baf4        0x2 CMakeFiles/Ctrl-Step-STM32-fw.elf.dir/Drivers/STM32F1xx_HAL_Driver/Src/stm32f1xx_hal_can.c.obj
                0x0800baf4                HAL_CAN_TxMailbox0AbortCallback
 .text.HAL_CAN_TxMailbox1AbortCallback
                0x0800baf6        0x2 CMakeFiles/Ctrl-Step-STM32-fw.elf.dir/Drivers/STM32F1xx_HAL_Driver/Src/stm32f1xx_hal_can.c.obj
                0x0800baf6                HAL_CAN_TxMailbox1AbortCallback
 .text.HAL_CAN_TxMailbox2AbortCallback
                0x0800baf8        0x2 CMakeFiles/Ctrl-Step-STM32-fw.elf.dir/Drivers/STM32F1xx_HAL_Driver/Src/stm32f1xx_hal_can.c.obj
                0x0800baf8                HAL_CAN_TxMailbox2AbortCallback
 .text.HAL_CAN_RxFifo0FullCallback
                0x0800bafa        0x2 CMakeFiles/Ctrl-Step-STM32-fw.elf.dir/Drivers/STM32F1xx_HAL_Driver/Src/stm32f1xx_hal_can.c.obj
                0x0800bafa                HAL_CAN_RxFifo0FullCallback
 .text.HAL_CAN_RxFifo1MsgPendingCallback
                0x0800bafc        0x2 CMakeFiles/Ctrl-Step-STM32-fw.elf.dir/Drivers/STM32F1xx_HAL_Driver/Src/stm32f1xx_hal_can.c.obj
                0x0800bafc                HAL_CAN_RxFifo1MsgPendingCallback
 .text.HAL_CAN_RxFifo1FullCallback
                0x0800bafe        0x2 CMakeFiles/Ctrl-Step-STM32-fw.elf.dir/Drivers/STM32F1xx_HAL_Driver/Src/stm32f1xx_hal_can.c.obj
                0x0800bafe                HAL_CAN_RxFifo1FullCallback
 .text.HAL_CAN_SleepCallback
                0x0800bb00        0x2 CMakeFiles/Ctrl-Step-STM32-fw.elf.dir/Drivers/STM32F1xx_HAL_Driver/Src/stm32f1xx_hal_can.c.obj
                0x0800bb00                HAL_CAN_SleepCallback
 .text.HAL_CAN_WakeUpFromRxMsgCallback
                0x0800bb02        0x2 CMakeFiles/Ctrl-Step-STM32-fw.elf.dir/Drivers/STM32F1xx_HAL_Driver/Src/stm32f1xx_hal_can.c.obj
                0x0800bb02                HAL_CAN_WakeUpFromRxMsgCallback
 .text.HAL_CAN_ErrorCallback
                0x0800bb04        0x2 CMakeFiles/Ctrl-Step-STM32-fw.elf.dir/Drivers/STM32F1xx_HAL_Driver/Src/stm32f1xx_hal_can.c.obj
                0x0800bb04                HAL_CAN_ErrorCallback
 .text.HAL_CAN_IRQHandler
                0x0800bb06      0x24a CMakeFiles/Ctrl-Step-STM32-fw.elf.dir/Drivers/STM32F1xx_HAL_Driver/Src/stm32f1xx_hal_can.c.obj
                0x0800bb06                HAL_CAN_IRQHandler
 .text.HAL_NVIC_SetPriorityGrouping
                0x0800bd50       0x24 CMakeFiles/Ctrl-Step-STM32-fw.elf.dir/Drivers/STM32F1xx_HAL_Driver/Src/stm32f1xx_hal_cortex.c.obj
                0x0800bd50                HAL_NVIC_SetPriorityGrouping
 .text.HAL_NVIC_SetPriority
                0x0800bd74       0x70 CMakeFiles/Ctrl-Step-STM32-fw.elf.dir/Drivers/STM32F1xx_HAL_Driver/Src/stm32f1xx_hal_cortex.c.obj
                0x0800bd74                HAL_NVIC_SetPriority
 .text.HAL_NVIC_EnableIRQ
                0x0800bde4       0x1c CMakeFiles/Ctrl-Step-STM32-fw.elf.dir/Drivers/STM32F1xx_HAL_Driver/Src/stm32f1xx_hal_cortex.c.obj
                0x0800bde4                HAL_NVIC_EnableIRQ
 .text.HAL_NVIC_SystemReset
                0x0800be00       0x24 CMakeFiles/Ctrl-Step-STM32-fw.elf.dir/Drivers/STM32F1xx_HAL_Driver/Src/stm32f1xx_hal_cortex.c.obj
                0x0800be00                HAL_NVIC_SystemReset
 .text.HAL_SYSTICK_Config
                0x0800be24       0x28 CMakeFiles/Ctrl-Step-STM32-fw.elf.dir/Drivers/STM32F1xx_HAL_Driver/Src/stm32f1xx_hal_cortex.c.obj
                0x0800be24                HAL_SYSTICK_Config
 .text.DMA_SetConfig
                0x0800be4c       0x2c CMakeFiles/Ctrl-Step-STM32-fw.elf.dir/Drivers/STM32F1xx_HAL_Driver/Src/stm32f1xx_hal_dma.c.obj
 .text.HAL_DMA_Init
                0x0800be78       0x6c CMakeFiles/Ctrl-Step-STM32-fw.elf.dir/Drivers/STM32F1xx_HAL_Driver/Src/stm32f1xx_hal_dma.c.obj
                0x0800be78                HAL_DMA_Init
 .text.HAL_DMA_Start_IT
                0x0800bee4       0x74 CMakeFiles/Ctrl-Step-STM32-fw.elf.dir/Drivers/STM32F1xx_HAL_Driver/Src/stm32f1xx_hal_dma.c.obj
                0x0800bee4                HAL_DMA_Start_IT
 .text.HAL_DMA_Abort
                0x0800bf58       0x44 CMakeFiles/Ctrl-Step-STM32-fw.elf.dir/Drivers/STM32F1xx_HAL_Driver/Src/stm32f1xx_hal_dma.c.obj
                0x0800bf58                HAL_DMA_Abort
 .text.HAL_DMA_Abort_IT
                0x0800bf9c       0x98 CMakeFiles/Ctrl-Step-STM32-fw.elf.dir/Drivers/STM32F1xx_HAL_Driver/Src/stm32f1xx_hal_dma.c.obj
                0x0800bf9c                HAL_DMA_Abort_IT
 .text.HAL_DMA_IRQHandler
                0x0800c034      0x144 CMakeFiles/Ctrl-Step-STM32-fw.elf.dir/Drivers/STM32F1xx_HAL_Driver/Src/stm32f1xx_hal_dma.c.obj
                0x0800c034                HAL_DMA_IRQHandler
 .text.FLASH_Program_HalfWord
                0x0800c178       0x1c CMakeFiles/Ctrl-Step-STM32-fw.elf.dir/Drivers/STM32F1xx_HAL_Driver/Src/stm32f1xx_hal_flash.c.obj
 .text.FLASH_SetErrorCode
                0x0800c194       0x70 CMakeFiles/Ctrl-Step-STM32-fw.elf.dir/Drivers/STM32F1xx_HAL_Driver/Src/stm32f1xx_hal_flash.c.obj
 .text.HAL_FLASH_Unlock
                0x0800c204       0x34 CMakeFiles/Ctrl-Step-STM32-fw.elf.dir/Drivers/STM32F1xx_HAL_Driver/Src/stm32f1xx_hal_flash.c.obj
                0x0800c204                HAL_FLASH_Unlock
 .text.HAL_FLASH_Lock
                0x0800c238       0x14 CMakeFiles/Ctrl-Step-STM32-fw.elf.dir/Drivers/STM32F1xx_HAL_Driver/Src/stm32f1xx_hal_flash.c.obj
                0x0800c238                HAL_FLASH_Lock
 .text.FLASH_WaitForLastOperation
                0x0800c24c       0x68 CMakeFiles/Ctrl-Step-STM32-fw.elf.dir/Drivers/STM32F1xx_HAL_Driver/Src/stm32f1xx_hal_flash.c.obj
                0x0800c24c                FLASH_WaitForLastOperation
 .text.HAL_FLASH_Program
                0x0800c2b4       0xa0 CMakeFiles/Ctrl-Step-STM32-fw.elf.dir/Drivers/STM32F1xx_HAL_Driver/Src/stm32f1xx_hal_flash.c.obj
                0x0800c2b4                HAL_FLASH_Program
 .text.FLASH_MassErase
                0x0800c354       0x24 CMakeFiles/Ctrl-Step-STM32-fw.elf.dir/Drivers/STM32F1xx_HAL_Driver/Src/stm32f1xx_hal_flash_ex.c.obj
 .text.FLASH_PageErase
                0x0800c378       0x24 CMakeFiles/Ctrl-Step-STM32-fw.elf.dir/Drivers/STM32F1xx_HAL_Driver/Src/stm32f1xx_hal_flash_ex.c.obj
                0x0800c378                FLASH_PageErase
 .text.HAL_FLASHEx_Erase
                0x0800c39c       0xa4 CMakeFiles/Ctrl-Step-STM32-fw.elf.dir/Drivers/STM32F1xx_HAL_Driver/Src/stm32f1xx_hal_flash_ex.c.obj
                0x0800c39c                HAL_FLASHEx_Erase
 .text.HAL_GPIO_Init
                0x0800c440      0x224 CMakeFiles/Ctrl-Step-STM32-fw.elf.dir/Drivers/STM32F1xx_HAL_Driver/Src/stm32f1xx_hal_gpio.c.obj
                0x0800c440                HAL_GPIO_Init
 .text.HAL_GPIO_ReadPin
                0x0800c664        0xe CMakeFiles/Ctrl-Step-STM32-fw.elf.dir/Drivers/STM32F1xx_HAL_Driver/Src/stm32f1xx_hal_gpio.c.obj
                0x0800c664                HAL_GPIO_ReadPin
 .text.HAL_GPIO_WritePin
                0x0800c672        0xc CMakeFiles/Ctrl-Step-STM32-fw.elf.dir/Drivers/STM32F1xx_HAL_Driver/Src/stm32f1xx_hal_gpio.c.obj
                0x0800c672                HAL_GPIO_WritePin
 *fill*         0x0800c67e        0x2 
 .text.RCC_Delay
                0x0800c680       0x2c CMakeFiles/Ctrl-Step-STM32-fw.elf.dir/Drivers/STM32F1xx_HAL_Driver/Src/stm32f1xx_hal_rcc.c.obj
 .text.HAL_RCC_OscConfig
                0x0800c6ac      0x410 CMakeFiles/Ctrl-Step-STM32-fw.elf.dir/Drivers/STM32F1xx_HAL_Driver/Src/stm32f1xx_hal_rcc.c.obj
                0x0800c6ac                HAL_RCC_OscConfig
 .text.HAL_RCC_GetSysClockFreq
                0x0800cabc       0x7c CMakeFiles/Ctrl-Step-STM32-fw.elf.dir/Drivers/STM32F1xx_HAL_Driver/Src/stm32f1xx_hal_rcc.c.obj
                0x0800cabc                HAL_RCC_GetSysClockFreq
 .text.HAL_RCC_ClockConfig
                0x0800cb38      0x16c CMakeFiles/Ctrl-Step-STM32-fw.elf.dir/Drivers/STM32F1xx_HAL_Driver/Src/stm32f1xx_hal_rcc.c.obj
                0x0800cb38                HAL_RCC_ClockConfig
 .text.HAL_RCC_GetHCLKFreq
                0x0800cca4        0xc CMakeFiles/Ctrl-Step-STM32-fw.elf.dir/Drivers/STM32F1xx_HAL_Driver/Src/stm32f1xx_hal_rcc.c.obj
                0x0800cca4                HAL_RCC_GetHCLKFreq
 .text.HAL_RCC_GetPCLK1Freq
                0x0800ccb0       0x20 CMakeFiles/Ctrl-Step-STM32-fw.elf.dir/Drivers/STM32F1xx_HAL_Driver/Src/stm32f1xx_hal_rcc.c.obj
                0x0800ccb0                HAL_RCC_GetPCLK1Freq
 .text.HAL_RCC_GetPCLK2Freq
                0x0800ccd0       0x20 CMakeFiles/Ctrl-Step-STM32-fw.elf.dir/Drivers/STM32F1xx_HAL_Driver/Src/stm32f1xx_hal_rcc.c.obj
                0x0800ccd0                HAL_RCC_GetPCLK2Freq
 .text.HAL_RCCEx_PeriphCLKConfig
                0x0800ccf0      0x118 CMakeFiles/Ctrl-Step-STM32-fw.elf.dir/Drivers/STM32F1xx_HAL_Driver/Src/stm32f1xx_hal_rcc_ex.c.obj
                0x0800ccf0                HAL_RCCEx_PeriphCLKConfig
 .text.HAL_RCCEx_GetPeriphCLKFreq
                0x0800ce08      0x100 CMakeFiles/Ctrl-Step-STM32-fw.elf.dir/Drivers/STM32F1xx_HAL_Driver/Src/stm32f1xx_hal_rcc_ex.c.obj
                0x0800ce08                HAL_RCCEx_GetPeriphCLKFreq
 .text.SPI_WaitFlagStateUntilTimeout
                0x0800cf08       0xd4 CMakeFiles/Ctrl-Step-STM32-fw.elf.dir/Drivers/STM32F1xx_HAL_Driver/Src/stm32f1xx_hal_spi.c.obj
 .text.SPI_EndRxTxTransaction
                0x0800cfdc       0x24 CMakeFiles/Ctrl-Step-STM32-fw.elf.dir/Drivers/STM32F1xx_HAL_Driver/Src/stm32f1xx_hal_spi.c.obj
 .text.HAL_SPI_Init
                0x0800d000       0xb6 CMakeFiles/Ctrl-Step-STM32-fw.elf.dir/Drivers/STM32F1xx_HAL_Driver/Src/stm32f1xx_hal_spi.c.obj
                0x0800d000                HAL_SPI_Init
 .text.HAL_SPI_TransmitReceive
                0x0800d0b6      0x238 CMakeFiles/Ctrl-Step-STM32-fw.elf.dir/Drivers/STM32F1xx_HAL_Driver/Src/stm32f1xx_hal_spi.c.obj
                0x0800d0b6                HAL_SPI_TransmitReceive
 *fill*         0x0800d2ee        0x2 
 .text.TIM_OC1_SetConfig
                0x0800d2f0       0x5c CMakeFiles/Ctrl-Step-STM32-fw.elf.dir/Drivers/STM32F1xx_HAL_Driver/Src/stm32f1xx_hal_tim.c.obj
 .text.TIM_OC3_SetConfig
                0x0800d34c       0x64 CMakeFiles/Ctrl-Step-STM32-fw.elf.dir/Drivers/STM32F1xx_HAL_Driver/Src/stm32f1xx_hal_tim.c.obj
 .text.TIM_OC4_SetConfig
                0x0800d3b0       0x48 CMakeFiles/Ctrl-Step-STM32-fw.elf.dir/Drivers/STM32F1xx_HAL_Driver/Src/stm32f1xx_hal_tim.c.obj
 .text.TIM_TI1_ConfigInputStage
                0x0800d3f8       0x24 CMakeFiles/Ctrl-Step-STM32-fw.elf.dir/Drivers/STM32F1xx_HAL_Driver/Src/stm32f1xx_hal_tim.c.obj
 .text.TIM_TI2_SetConfig
                0x0800d41c       0x36 CMakeFiles/Ctrl-Step-STM32-fw.elf.dir/Drivers/STM32F1xx_HAL_Driver/Src/stm32f1xx_hal_tim.c.obj
 .text.TIM_TI2_ConfigInputStage
                0x0800d452       0x26 CMakeFiles/Ctrl-Step-STM32-fw.elf.dir/Drivers/STM32F1xx_HAL_Driver/Src/stm32f1xx_hal_tim.c.obj
 .text.TIM_TI3_SetConfig
                0x0800d478       0x36 CMakeFiles/Ctrl-Step-STM32-fw.elf.dir/Drivers/STM32F1xx_HAL_Driver/Src/stm32f1xx_hal_tim.c.obj
 .text.TIM_TI4_SetConfig
                0x0800d4ae       0x36 CMakeFiles/Ctrl-Step-STM32-fw.elf.dir/Drivers/STM32F1xx_HAL_Driver/Src/stm32f1xx_hal_tim.c.obj
 .text.TIM_ITRx_SetConfig
                0x0800d4e4       0x10 CMakeFiles/Ctrl-Step-STM32-fw.elf.dir/Drivers/STM32F1xx_HAL_Driver/Src/stm32f1xx_hal_tim.c.obj
 .text.HAL_TIM_Base_Start_IT
                0x0800d4f4       0x68 CMakeFiles/Ctrl-Step-STM32-fw.elf.dir/Drivers/STM32F1xx_HAL_Driver/Src/stm32f1xx_hal_tim.c.obj
                0x0800d4f4                HAL_TIM_Base_Start_IT
 .text.HAL_TIM_IC_MspInit
                0x0800d55c        0x2 CMakeFiles/Ctrl-Step-STM32-fw.elf.dir/Drivers/STM32F1xx_HAL_Driver/Src/stm32f1xx_hal_tim.c.obj
                0x0800d55c                HAL_TIM_IC_MspInit
 *fill*         0x0800d55e        0x2 
 .text.TIM_Base_SetConfig
                0x0800d560       0x74 CMakeFiles/Ctrl-Step-STM32-fw.elf.dir/Drivers/STM32F1xx_HAL_Driver/Src/stm32f1xx_hal_tim.c.obj
                0x0800d560                TIM_Base_SetConfig
 .text.HAL_TIM_Base_Init
                0x0800d5d4       0x58 CMakeFiles/Ctrl-Step-STM32-fw.elf.dir/Drivers/STM32F1xx_HAL_Driver/Src/stm32f1xx_hal_tim.c.obj
                0x0800d5d4                HAL_TIM_Base_Init
 .text.HAL_TIM_PWM_Init
                0x0800d62c       0x58 CMakeFiles/Ctrl-Step-STM32-fw.elf.dir/Drivers/STM32F1xx_HAL_Driver/Src/stm32f1xx_hal_tim.c.obj
                0x0800d62c                HAL_TIM_PWM_Init
 .text.HAL_TIM_IC_Init
                0x0800d684       0x58 CMakeFiles/Ctrl-Step-STM32-fw.elf.dir/Drivers/STM32F1xx_HAL_Driver/Src/stm32f1xx_hal_tim.c.obj
                0x0800d684                HAL_TIM_IC_Init
 .text.TIM_OC2_SetConfig
                0x0800d6dc       0x64 CMakeFiles/Ctrl-Step-STM32-fw.elf.dir/Drivers/STM32F1xx_HAL_Driver/Src/stm32f1xx_hal_tim.c.obj
                0x0800d6dc                TIM_OC2_SetConfig
 .text.HAL_TIM_PWM_ConfigChannel
                0x0800d740       0xd0 CMakeFiles/Ctrl-Step-STM32-fw.elf.dir/Drivers/STM32F1xx_HAL_Driver/Src/stm32f1xx_hal_tim.c.obj
                0x0800d740                HAL_TIM_PWM_ConfigChannel
 .text.TIM_TI1_SetConfig
                0x0800d810       0x58 CMakeFiles/Ctrl-Step-STM32-fw.elf.dir/Drivers/STM32F1xx_HAL_Driver/Src/stm32f1xx_hal_tim.c.obj
                0x0800d810                TIM_TI1_SetConfig
 .text.HAL_TIM_IC_ConfigChannel
                0x0800d868       0xb4 CMakeFiles/Ctrl-Step-STM32-fw.elf.dir/Drivers/STM32F1xx_HAL_Driver/Src/stm32f1xx_hal_tim.c.obj
                0x0800d868                HAL_TIM_IC_ConfigChannel
 .text.TIM_ETR_SetConfig
                0x0800d91c       0x18 CMakeFiles/Ctrl-Step-STM32-fw.elf.dir/Drivers/STM32F1xx_HAL_Driver/Src/stm32f1xx_hal_tim.c.obj
                0x0800d91c                TIM_ETR_SetConfig
 .text.HAL_TIM_ConfigClockSource
                0x0800d934       0xda CMakeFiles/Ctrl-Step-STM32-fw.elf.dir/Drivers/STM32F1xx_HAL_Driver/Src/stm32f1xx_hal_tim.c.obj
                0x0800d934                HAL_TIM_ConfigClockSource
 .text.TIM_SlaveTimer_SetConfig
                0x0800da0e       0x8e CMakeFiles/Ctrl-Step-STM32-fw.elf.dir/Drivers/STM32F1xx_HAL_Driver/Src/stm32f1xx_hal_tim.c.obj
 .text.HAL_TIM_SlaveConfigSynchro
                0x0800da9c       0x52 CMakeFiles/Ctrl-Step-STM32-fw.elf.dir/Drivers/STM32F1xx_HAL_Driver/Src/stm32f1xx_hal_tim.c.obj
                0x0800da9c                HAL_TIM_SlaveConfigSynchro
 .text.TIM_CCxChannelCmd
                0x0800daee       0x1e CMakeFiles/Ctrl-Step-STM32-fw.elf.dir/Drivers/STM32F1xx_HAL_Driver/Src/stm32f1xx_hal_tim.c.obj
                0x0800daee                TIM_CCxChannelCmd
 .text.HAL_TIM_PWM_Start
                0x0800db0c       0xdc CMakeFiles/Ctrl-Step-STM32-fw.elf.dir/Drivers/STM32F1xx_HAL_Driver/Src/stm32f1xx_hal_tim.c.obj
                0x0800db0c                HAL_TIM_PWM_Start
 .text.HAL_TIMEx_MasterConfigSynchronization
                0x0800dbe8       0x6c CMakeFiles/Ctrl-Step-STM32-fw.elf.dir/Drivers/STM32F1xx_HAL_Driver/Src/stm32f1xx_hal_tim_ex.c.obj
                0x0800dbe8                HAL_TIMEx_MasterConfigSynchronization
 .text.UART_EndTxTransfer
                0x0800dc54       0x12 CMakeFiles/Ctrl-Step-STM32-fw.elf.dir/Drivers/STM32F1xx_HAL_Driver/Src/stm32f1xx_hal_uart.c.obj
 .text.UART_EndRxTransfer
                0x0800dc66       0x32 CMakeFiles/Ctrl-Step-STM32-fw.elf.dir/Drivers/STM32F1xx_HAL_Driver/Src/stm32f1xx_hal_uart.c.obj
 .text.UART_Transmit_IT
                0x0800dc98       0x60 CMakeFiles/Ctrl-Step-STM32-fw.elf.dir/Drivers/STM32F1xx_HAL_Driver/Src/stm32f1xx_hal_uart.c.obj
 .text.UART_SetConfig
                0x0800dcf8       0x94 CMakeFiles/Ctrl-Step-STM32-fw.elf.dir/Drivers/STM32F1xx_HAL_Driver/Src/stm32f1xx_hal_uart.c.obj
 .text.UART_WaitOnFlagUntilTimeout
                0x0800dd8c       0x6c CMakeFiles/Ctrl-Step-STM32-fw.elf.dir/Drivers/STM32F1xx_HAL_Driver/Src/stm32f1xx_hal_uart.c.obj
 .text.HAL_UART_Init
                0x0800ddf8       0x5e CMakeFiles/Ctrl-Step-STM32-fw.elf.dir/Drivers/STM32F1xx_HAL_Driver/Src/stm32f1xx_hal_uart.c.obj
                0x0800ddf8                HAL_UART_Init
 .text.HAL_UART_Transmit
                0x0800de56       0xd8 CMakeFiles/Ctrl-Step-STM32-fw.elf.dir/Drivers/STM32F1xx_HAL_Driver/Src/stm32f1xx_hal_uart.c.obj
                0x0800de56                HAL_UART_Transmit
 .text.HAL_UART_Receive
                0x0800df2e       0xe4 CMakeFiles/Ctrl-Step-STM32-fw.elf.dir/Drivers/STM32F1xx_HAL_Driver/Src/stm32f1xx_hal_uart.c.obj
                0x0800df2e                HAL_UART_Receive
 .text.HAL_UART_DMAStop
                0x0800e012       0x64 CMakeFiles/Ctrl-Step-STM32-fw.elf.dir/Drivers/STM32F1xx_HAL_Driver/Src/stm32f1xx_hal_uart.c.obj
                0x0800e012                HAL_UART_DMAStop
 .text.HAL_UART_TxCpltCallback
                0x0800e076        0x2 CMakeFiles/Ctrl-Step-STM32-fw.elf.dir/Drivers/STM32F1xx_HAL_Driver/Src/stm32f1xx_hal_uart.c.obj
                0x0800e076                HAL_UART_TxCpltCallback
 .text.UART_EndTransmit_IT
                0x0800e078       0x1a CMakeFiles/Ctrl-Step-STM32-fw.elf.dir/Drivers/STM32F1xx_HAL_Driver/Src/stm32f1xx_hal_uart.c.obj
 .text.HAL_UART_RxCpltCallback
                0x0800e092        0x2 CMakeFiles/Ctrl-Step-STM32-fw.elf.dir/Drivers/STM32F1xx_HAL_Driver/Src/stm32f1xx_hal_uart.c.obj
                0x0800e092                HAL_UART_RxCpltCallback
 .text.HAL_UART_RxHalfCpltCallback
                0x0800e094        0x2 CMakeFiles/Ctrl-Step-STM32-fw.elf.dir/Drivers/STM32F1xx_HAL_Driver/Src/stm32f1xx_hal_uart.c.obj
                0x0800e094                HAL_UART_RxHalfCpltCallback
 .text.HAL_UART_ErrorCallback
                0x0800e096        0x2 CMakeFiles/Ctrl-Step-STM32-fw.elf.dir/Drivers/STM32F1xx_HAL_Driver/Src/stm32f1xx_hal_uart.c.obj
                0x0800e096                HAL_UART_ErrorCallback
 .text.UART_DMAError
                0x0800e098       0x58 CMakeFiles/Ctrl-Step-STM32-fw.elf.dir/Drivers/STM32F1xx_HAL_Driver/Src/stm32f1xx_hal_uart.c.obj
 .text.UART_DMAAbortOnError
                0x0800e0f0       0x10 CMakeFiles/Ctrl-Step-STM32-fw.elf.dir/Drivers/STM32F1xx_HAL_Driver/Src/stm32f1xx_hal_uart.c.obj
 .text.HAL_UARTEx_RxEventCallback
                0x0800e100        0x2 CMakeFiles/Ctrl-Step-STM32-fw.elf.dir/Drivers/STM32F1xx_HAL_Driver/Src/stm32f1xx_hal_uart.c.obj
                0x0800e100                HAL_UARTEx_RxEventCallback
 .text.UART_Receive_IT
                0x0800e102       0xd4 CMakeFiles/Ctrl-Step-STM32-fw.elf.dir/Drivers/STM32F1xx_HAL_Driver/Src/stm32f1xx_hal_uart.c.obj
 *fill*         0x0800e1d6        0x2 
 .text.HAL_UART_IRQHandler
                0x0800e1d8      0x204 CMakeFiles/Ctrl-Step-STM32-fw.elf.dir/Drivers/STM32F1xx_HAL_Driver/Src/stm32f1xx_hal_uart.c.obj
                0x0800e1d8                HAL_UART_IRQHandler
 .text.UART_DMARxHalfCplt
                0x0800e3dc       0x1a CMakeFiles/Ctrl-Step-STM32-fw.elf.dir/Drivers/STM32F1xx_HAL_Driver/Src/stm32f1xx_hal_uart.c.obj
 .text.UART_DMAReceiveCplt
                0x0800e3f6       0x5e CMakeFiles/Ctrl-Step-STM32-fw.elf.dir/Drivers/STM32F1xx_HAL_Driver/Src/stm32f1xx_hal_uart.c.obj
 .text.UART_Start_Receive_DMA
                0x0800e454       0x78 CMakeFiles/Ctrl-Step-STM32-fw.elf.dir/Drivers/STM32F1xx_HAL_Driver/Src/stm32f1xx_hal_uart.c.obj
                0x0800e454                UART_Start_Receive_DMA
 .text.HAL_UART_Receive_DMA
                0x0800e4cc       0x38 CMakeFiles/Ctrl-Step-STM32-fw.elf.dir/Drivers/STM32F1xx_HAL_Driver/Src/stm32f1xx_hal_uart.c.obj
                0x0800e4cc                HAL_UART_Receive_DMA
 .text.eeprom_buffered_read_byte
                0x0800e504        0xc CMakeFiles/Ctrl-Step-STM32-fw.elf.dir/Port/Platform/Memory/emulated_eeprom.cpp.obj
                0x0800e504                eeprom_buffered_read_byte
 .text.eeprom_buffered_write_byte
                0x0800e510        0xc CMakeFiles/Ctrl-Step-STM32-fw.elf.dir/Port/Platform/Memory/emulated_eeprom.cpp.obj
                0x0800e510                eeprom_buffered_write_byte
 .text.eeprom_buffer_fill
                0x0800e51c       0x18 CMakeFiles/Ctrl-Step-STM32-fw.elf.dir/Port/Platform/Memory/emulated_eeprom.cpp.obj
                0x0800e51c                eeprom_buffer_fill
 .text.eeprom_buffer_flush
                0x0800e534       0x68 CMakeFiles/Ctrl-Step-STM32-fw.elf.dir/Port/Platform/Memory/emulated_eeprom.cpp.obj
                0x0800e534                eeprom_buffer_flush
 .text.Stockpile_Flash_Data_Empty
                0x0800e59c       0x4c CMakeFiles/Ctrl-Step-STM32-fw.elf.dir/Port/Platform/Memory/stockpile_f103cb.c.obj
                0x0800e59c                Stockpile_Flash_Data_Empty
 .text.Stockpile_Flash_Data_Begin
                0x0800e5e8        0xe CMakeFiles/Ctrl-Step-STM32-fw.elf.dir/Port/Platform/Memory/stockpile_f103cb.c.obj
                0x0800e5e8                Stockpile_Flash_Data_Begin
 .text.Stockpile_Flash_Data_End
                0x0800e5f6        0x8 CMakeFiles/Ctrl-Step-STM32-fw.elf.dir/Port/Platform/Memory/stockpile_f103cb.c.obj
                0x0800e5f6                Stockpile_Flash_Data_End
 .text.Stockpile_Flash_Data_Write_Data16
                0x0800e5fe       0x42 CMakeFiles/Ctrl-Step-STM32-fw.elf.dir/Port/Platform/Memory/stockpile_f103cb.c.obj
                0x0800e5fe                Stockpile_Flash_Data_Write_Data16
 .text.GetSerialNumber
                0x0800e640       0x1c CMakeFiles/Ctrl-Step-STM32-fw.elf.dir/Port/Platform/Utils/st_hardware.c.obj
                0x0800e640                GetSerialNumber
 .text.RetargetInit
                0x0800e65c       0x20 CMakeFiles/Ctrl-Step-STM32-fw.elf.dir/Port/Platform/retarget.c.obj
                0x0800e65c                RetargetInit
 .text._isatty  0x0800e67c       0x16 CMakeFiles/Ctrl-Step-STM32-fw.elf.dir/Port/Platform/retarget.c.obj
                0x0800e67c                _isatty
 *fill*         0x0800e692        0x2 
 .text._write   0x0800e694       0x28 CMakeFiles/Ctrl-Step-STM32-fw.elf.dir/Port/Platform/retarget.c.obj
                0x0800e694                _write
 .text._close   0x0800e6bc       0x18 CMakeFiles/Ctrl-Step-STM32-fw.elf.dir/Port/Platform/retarget.c.obj
                0x0800e6bc                _close
 .text._lseek   0x0800e6d4       0x10 CMakeFiles/Ctrl-Step-STM32-fw.elf.dir/Port/Platform/retarget.c.obj
                0x0800e6d4                _lseek
 .text._read    0x0800e6e4       0x30 CMakeFiles/Ctrl-Step-STM32-fw.elf.dir/Port/Platform/retarget.c.obj
                0x0800e6e4                _read
 .text._fstat   0x0800e714       0x1a CMakeFiles/Ctrl-Step-STM32-fw.elf.dir/Port/Platform/retarget.c.obj
                0x0800e714                _fstat
 *fill*         0x0800e72e        0x2 
 .text._ZN6Button15ReadButtonPinIOEh
                0x0800e730       0x38 CMakeFiles/Ctrl-Step-STM32-fw.elf.dir/Port/button_stm32.cpp.obj
                0x0800e730                Button::ReadButtonPinIO(unsigned char)
 .text._ZN6Button9IsPressedEv
                0x0800e768       0x12 CMakeFiles/Ctrl-Step-STM32-fw.elf.dir/Port/button_stm32.cpp.obj
                0x0800e768                Button::IsPressed()
 *fill*         0x0800e77a        0x2 
 .text._ZN17EncoderCalibrator15BeginWriteFlashEv
                0x0800e77c       0x10 CMakeFiles/Ctrl-Step-STM32-fw.elf.dir/Port/encoder_calibrator_stm32.cpp.obj
                0x0800e77c                EncoderCalibrator::BeginWriteFlash()
 .text._ZN17EncoderCalibrator13EndWriteFlashEv
                0x0800e78c       0x10 CMakeFiles/Ctrl-Step-STM32-fw.elf.dir/Port/encoder_calibrator_stm32.cpp.obj
                0x0800e78c                EncoderCalibrator::EndWriteFlash()
 .text._ZN17EncoderCalibrator10ClearFlashEv
                0x0800e79c       0x10 CMakeFiles/Ctrl-Step-STM32-fw.elf.dir/Port/encoder_calibrator_stm32.cpp.obj
                0x0800e79c                EncoderCalibrator::ClearFlash()
 .text._ZN17EncoderCalibrator22WriteFlash16bitsAppendEt
                0x0800e7ac       0x20 CMakeFiles/Ctrl-Step-STM32-fw.elf.dir/Port/encoder_calibrator_stm32.cpp.obj
                0x0800e7ac                EncoderCalibrator::WriteFlash16bitsAppend(unsigned short)
 .text._ZN3Led11SetLedStateEhb
                0x0800e7cc       0x34 CMakeFiles/Ctrl-Step-STM32-fw.elf.dir/Port/led_stm32.cpp.obj
                0x0800e7cc                Led::SetLedState(unsigned char, bool)
 .text._ZN6MT68167SpiInitEv
                0x0800e800        0x8 CMakeFiles/Ctrl-Step-STM32-fw.elf.dir/Port/mt6816_stm32.cpp.obj
                0x0800e800                MT6816::SpiInit()
 .text._ZN6MT681624SpiTransmitAndRead16BitsEt
                0x0800e808       0x38 CMakeFiles/Ctrl-Step-STM32-fw.elf.dir/Port/mt6816_stm32.cpp.obj
                0x0800e808                MT6816::SpiTransmitAndRead16Bits(unsigned short)
 .text._ZN8TB67H45016DacOutputVoltageEtt
                0x0800e840       0x14 CMakeFiles/Ctrl-Step-STM32-fw.elf.dir/Port/tb67h450_stm32.cpp.obj
                0x0800e840                TB67H450::DacOutputVoltage(unsigned short, unsigned short)
 .text._ZN8TB67H4509SetInputAEbb
                0x0800e854       0x28 CMakeFiles/Ctrl-Step-STM32-fw.elf.dir/Port/tb67h450_stm32.cpp.obj
                0x0800e854                TB67H450::SetInputA(bool, bool)
 .text._ZN8TB67H4509SetInputBEbb
                0x0800e87c       0x28 CMakeFiles/Ctrl-Step-STM32-fw.elf.dir/Port/tb67h450_stm32.cpp.obj
                0x0800e87c                TB67H450::SetInputB(bool, bool)
 .text._ZN8TB67H4508InitGpioEv
                0x0800e8a4       0x64 CMakeFiles/Ctrl-Step-STM32-fw.elf.dir/Port/tb67h450_stm32.cpp.obj
                0x0800e8a4                TB67H450::InitGpio()
 .text._ZN8TB67H4507InitPwmEv
                0x0800e908        0x8 CMakeFiles/Ctrl-Step-STM32-fw.elf.dir/Port/tb67h450_stm32.cpp.obj
                0x0800e908                TB67H450::InitPwm()
 .text._Z14OnButton1EventN10ButtonBase5EventE
                0x0800e910       0x54 CMakeFiles/Ctrl-Step-STM32-fw.elf.dir/UserApp/main.cpp.obj
                0x0800e910                OnButton1Event(ButtonBase::Event)
 .text._Z14OnButton2EventN10ButtonBase5EventE
                0x0800e964       0x70 CMakeFiles/Ctrl-Step-STM32-fw.elf.dir/UserApp/main.cpp.obj
                0x0800e964                OnButton2Event(ButtonBase::Event)
 .text._ZN5MotorC2Ev
                0x0800e9d4      0x18c CMakeFiles/Ctrl-Step-STM32-fw.elf.dir/UserApp/main.cpp.obj
                0x0800e9d4                Motor::Motor()
                0x0800e9d4                Motor::Motor()
 .text._Z41__static_initialization_and_destruction_0ii
                0x0800eb60      0x12c CMakeFiles/Ctrl-Step-STM32-fw.elf.dir/UserApp/main.cpp.obj
 .text.Tim1Callback100Hz
                0x0800ec8c       0x8c CMakeFiles/Ctrl-Step-STM32-fw.elf.dir/UserApp/main.cpp.obj
                0x0800ec8c                Tim1Callback100Hz
 .text.Tim4Callback20kHz
                0x0800ed18       0x30 CMakeFiles/Ctrl-Step-STM32-fw.elf.dir/UserApp/main.cpp.obj
                0x0800ed18                Tim4Callback20kHz
 .text._ZN6EEPROM3putI8Config_tEERKT_iS4_
                0x0800ed48       0x52 CMakeFiles/Ctrl-Step-STM32-fw.elf.dir/UserApp/main.cpp.obj
                0x0800ed48                Config_t const& EEPROM::put<Config_t>(int, Config_t const&)
 *fill*         0x0800ed9a        0x2 
 .text.Main     0x0800ed9c      0x27c CMakeFiles/Ctrl-Step-STM32-fw.elf.dir/UserApp/main.cpp.obj
                0x0800ed9c                Main
 .text._GLOBAL__sub_I_boardConfig
                0x0800f018        0xe CMakeFiles/Ctrl-Step-STM32-fw.elf.dir/UserApp/main.cpp.obj
 *fill*         0x0800f026        0x2 
 .text.OnCanCmd
                0x0800f028      0x658 CMakeFiles/Ctrl-Step-STM32-fw.elf.dir/UserApp/protocols/interface_can.cpp.obj
                0x0800f028                OnCanCmd
 .text.OnUartCmd
                0x0800f680      0x100 CMakeFiles/Ctrl-Step-STM32-fw.elf.dir/UserApp/protocols/interface_uart.cpp.obj
                0x0800f680                OnUartCmd
 .text.Reset_Handler
                0x0800f780       0x48 CMakeFiles/Ctrl-Step-STM32-fw.elf.dir/startup/startup_stm32f103xb.s.obj
                0x0800f780                Reset_Handler
 .text.Default_Handler
                0x0800f7c8        0x2 CMakeFiles/Ctrl-Step-STM32-fw.elf.dir/startup/startup_stm32f103xb.s.obj
                0x0800f7c8                RTC_Alarm_IRQHandler
                0x0800f7c8                EXTI2_IRQHandler
                0x0800f7c8                TIM1_CC_IRQHandler
                0x0800f7c8                PVD_IRQHandler
                0x0800f7c8                EXTI3_IRQHandler
                0x0800f7c8                EXTI0_IRQHandler
                0x0800f7c8                I2C2_EV_IRQHandler
                0x0800f7c8                ADC1_2_IRQHandler
                0x0800f7c8                SPI1_IRQHandler
                0x0800f7c8                TAMPER_IRQHandler
                0x0800f7c8                USART3_IRQHandler
                0x0800f7c8                RTC_IRQHandler
                0x0800f7c8                DMA1_Channel7_IRQHandler
                0x0800f7c8                I2C1_EV_IRQHandler
                0x0800f7c8                DMA1_Channel6_IRQHandler
                0x0800f7c8                RCC_IRQHandler
                0x0800f7c8                TIM1_TRG_COM_IRQHandler
                0x0800f7c8                Default_Handler
                0x0800f7c8                EXTI15_10_IRQHandler
                0x0800f7c8                SPI2_IRQHandler
                0x0800f7c8                EXTI4_IRQHandler
                0x0800f7c8                DMA1_Channel3_IRQHandler
                0x0800f7c8                WWDG_IRQHandler
                0x0800f7c8                TIM2_IRQHandler
                0x0800f7c8                TIM1_BRK_IRQHandler
                0x0800f7c8                EXTI1_IRQHandler
                0x0800f7c8                USART2_IRQHandler
                0x0800f7c8                I2C2_ER_IRQHandler
                0x0800f7c8                DMA1_Channel2_IRQHandler
                0x0800f7c8                FLASH_IRQHandler
                0x0800f7c8                I2C1_ER_IRQHandler
                0x0800f7c8                USBWakeUp_IRQHandler
 *fill*         0x0800f7ca        0x2 
 .text._ZNK10__cxxabiv117__class_type_info11__do_upcastEPKS0_PPv
                0x0800f7cc       0x34 d:/00green/gcc-arm-none-eabi-10.3-2021.10/bin/../lib/gcc/arm-none-eabi/10.3.1/../../../../arm-none-eabi/lib/thumb/v7-m/nofp\libstdc++.a(class_type_info.o)
                0x0800f7cc                __cxxabiv1::__class_type_info::__do_upcast(__cxxabiv1::__class_type_info const*, void**) const
 .text._ZNK10__cxxabiv117__class_type_info20__do_find_public_srcEiPKvPKS0_S2_
                0x0800f800        0xc d:/00green/gcc-arm-none-eabi-10.3-2021.10/bin/../lib/gcc/arm-none-eabi/10.3.1/../../../../arm-none-eabi/lib/thumb/v7-m/nofp\libstdc++.a(class_type_info.o)
                0x0800f800                __cxxabiv1::__class_type_info::__do_find_public_src(int, void const*, __cxxabiv1::__class_type_info const*, void const*) const
 .text._ZN10__cxxabiv117__class_type_infoD2Ev
                0x0800f80c       0x14 d:/00green/gcc-arm-none-eabi-10.3-2021.10/bin/../lib/gcc/arm-none-eabi/10.3.1/../../../../arm-none-eabi/lib/thumb/v7-m/nofp\libstdc++.a(class_type_info.o)
                0x0800f80c                __cxxabiv1::__class_type_info::~__class_type_info()
                0x0800f80c                __cxxabiv1::__class_type_info::~__class_type_info()
 .text._ZN10__cxxabiv117__class_type_infoD0Ev
                0x0800f820       0x1c d:/00green/gcc-arm-none-eabi-10.3-2021.10/bin/../lib/gcc/arm-none-eabi/10.3.1/../../../../arm-none-eabi/lib/thumb/v7-m/nofp\libstdc++.a(class_type_info.o)
                0x0800f820                __cxxabiv1::__class_type_info::~__class_type_info()
 .text._ZNK10__cxxabiv117__class_type_info12__do_dyncastEiNS0_10__sub_kindEPKS0_PKvS3_S5_RNS0_16__dyncast_resultE
                0x0800f83c       0x44 d:/00green/gcc-arm-none-eabi-10.3-2021.10/bin/../lib/gcc/arm-none-eabi/10.3.1/../../../../arm-none-eabi/lib/thumb/v7-m/nofp\libstdc++.a(class_type_info.o)
                0x0800f83c                __cxxabiv1::__class_type_info::__do_dyncast(int, __cxxabiv1::__class_type_info::__sub_kind, __cxxabiv1::__class_type_info const*, void const*, __cxxabiv1::__class_type_info const*, void const*, __cxxabiv1::__class_type_info::__dyncast_result&) const
 .text._ZNK10__cxxabiv117__class_type_info11__do_upcastEPKS0_PKvRNS0_15__upcast_resultE
                0x0800f880       0x1c d:/00green/gcc-arm-none-eabi-10.3-2021.10/bin/../lib/gcc/arm-none-eabi/10.3.1/../../../../arm-none-eabi/lib/thumb/v7-m/nofp\libstdc++.a(class_type_info.o)
                0x0800f880                __cxxabiv1::__class_type_info::__do_upcast(__cxxabiv1::__class_type_info const*, void const*, __cxxabiv1::__class_type_info::__upcast_result&) const
 .text._ZNK10__cxxabiv117__class_type_info10__do_catchEPKSt9type_infoPPvj
                0x0800f89c       0x2c d:/00green/gcc-arm-none-eabi-10.3-2021.10/bin/../lib/gcc/arm-none-eabi/10.3.1/../../../../arm-none-eabi/lib/thumb/v7-m/nofp\libstdc++.a(class_type_info.o)
                0x0800f89c                __cxxabiv1::__class_type_info::__do_catch(std::type_info const*, void**, unsigned int) const
 .text._ZdlPvj  0x0800f8c8        0x4 d:/00green/gcc-arm-none-eabi-10.3-2021.10/bin/../lib/gcc/arm-none-eabi/10.3.1/../../../../arm-none-eabi/lib/thumb/v7-m/nofp\libstdc++.a(del_ops.o)
                0x0800f8c8                operator delete(void*, unsigned int)
 .text.__cxa_pure_virtual
                0x0800f8cc       0x14 d:/00green/gcc-arm-none-eabi-10.3-2021.10/bin/../lib/gcc/arm-none-eabi/10.3.1/../../../../arm-none-eabi/lib/thumb/v7-m/nofp\libstdc++.a(pure.o)
                0x0800f8cc                __cxa_pure_virtual
 .text._ZN10__cxxabiv120__si_class_type_infoD2Ev
                0x0800f8e0       0x14 d:/00green/gcc-arm-none-eabi-10.3-2021.10/bin/../lib/gcc/arm-none-eabi/10.3.1/../../../../arm-none-eabi/lib/thumb/v7-m/nofp\libstdc++.a(si_class_type_info.o)
                0x0800f8e0                __cxxabiv1::__si_class_type_info::~__si_class_type_info()
                0x0800f8e0                __cxxabiv1::__si_class_type_info::~__si_class_type_info()
 .text._ZN10__cxxabiv120__si_class_type_infoD0Ev
                0x0800f8f4       0x1c d:/00green/gcc-arm-none-eabi-10.3-2021.10/bin/../lib/gcc/arm-none-eabi/10.3.1/../../../../arm-none-eabi/lib/thumb/v7-m/nofp\libstdc++.a(si_class_type_info.o)
                0x0800f8f4                __cxxabiv1::__si_class_type_info::~__si_class_type_info()
 .text._ZNK10__cxxabiv120__si_class_type_info20__do_find_public_srcEiPKvPKNS_17__class_type_infoES2_
                0x0800f910       0x3c d:/00green/gcc-arm-none-eabi-10.3-2021.10/bin/../lib/gcc/arm-none-eabi/10.3.1/../../../../arm-none-eabi/lib/thumb/v7-m/nofp\libstdc++.a(si_class_type_info.o)
                0x0800f910                __cxxabiv1::__si_class_type_info::__do_find_public_src(int, void const*, __cxxabiv1::__class_type_info const*, void const*) const
 .text._ZNK10__cxxabiv120__si_class_type_info12__do_dyncastEiNS_17__class_type_info10__sub_kindEPKS1_PKvS4_S6_RNS1_16__dyncast_resultE
                0x0800f94c       0x84 d:/00green/gcc-arm-none-eabi-10.3-2021.10/bin/../lib/gcc/arm-none-eabi/10.3.1/../../../../arm-none-eabi/lib/thumb/v7-m/nofp\libstdc++.a(si_class_type_info.o)
                0x0800f94c                __cxxabiv1::__si_class_type_info::__do_dyncast(int, __cxxabiv1::__class_type_info::__sub_kind, __cxxabiv1::__class_type_info const*, void const*, __cxxabiv1::__class_type_info const*, void const*, __cxxabiv1::__class_type_info::__dyncast_result&) const
 .text._ZNK10__cxxabiv120__si_class_type_info11__do_upcastEPKNS_17__class_type_infoEPKvRNS1_15__upcast_resultE
                0x0800f9d0       0x2c d:/00green/gcc-arm-none-eabi-10.3-2021.10/bin/../lib/gcc/arm-none-eabi/10.3.1/../../../../arm-none-eabi/lib/thumb/v7-m/nofp\libstdc++.a(si_class_type_info.o)
                0x0800f9d0                __cxxabiv1::__si_class_type_info::__do_upcast(__cxxabiv1::__class_type_info const*, void const*, __cxxabiv1::__class_type_info::__upcast_result&) const
 .text._ZNSt9type_infoD2Ev
                0x0800f9fc        0x4 d:/00green/gcc-arm-none-eabi-10.3-2021.10/bin/../lib/gcc/arm-none-eabi/10.3.1/../../../../arm-none-eabi/lib/thumb/v7-m/nofp\libstdc++.a(tinfo.o)
                0x0800f9fc                std::type_info::~type_info()
                0x0800f9fc                std::type_info::~type_info()
 .text._ZNKSt9type_info14__is_pointer_pEv
                0x0800fa00        0x4 d:/00green/gcc-arm-none-eabi-10.3-2021.10/bin/../lib/gcc/arm-none-eabi/10.3.1/../../../../arm-none-eabi/lib/thumb/v7-m/nofp\libstdc++.a(tinfo.o)
                0x0800fa00                std::type_info::__is_pointer_p() const
                0x0800fa00                std::type_info::__is_function_p() const
 .text._ZNKSt9type_infoeqERKS_
                0x0800fa04       0x2c d:/00green/gcc-arm-none-eabi-10.3-2021.10/bin/../lib/gcc/arm-none-eabi/10.3.1/../../../../arm-none-eabi/lib/thumb/v7-m/nofp\libstdc++.a(tinfo.o)
                0x0800fa04                std::type_info::operator==(std::type_info const&) const
 .text._ZdlPv   0x0800fa30        0x4 d:/00green/gcc-arm-none-eabi-10.3-2021.10/bin/../lib/gcc/arm-none-eabi/10.3.1/../../../../arm-none-eabi/lib/thumb/v7-m/nofp\libstdc++.a(del_op.o)
                0x0800fa30                operator delete(void*)
 .text._ZN10__cxxabiv111__terminateEPFvvE
                0x0800fa34       0x28 d:/00green/gcc-arm-none-eabi-10.3-2021.10/bin/../lib/gcc/arm-none-eabi/10.3.1/../../../../arm-none-eabi/lib/thumb/v7-m/nofp\libstdc++.a(eh_terminate.o)
                0x0800fa34                __cxxabiv1::__terminate(void (*)())
 .text._ZSt9terminatev
                0x0800fa5c       0x14 d:/00green/gcc-arm-none-eabi-10.3-2021.10/bin/../lib/gcc/arm-none-eabi/10.3.1/../../../../arm-none-eabi/lib/thumb/v7-m/nofp\libstdc++.a(eh_terminate.o)
                0x0800fa5c                std::terminate()
 .text._ZN10__cxxabiv112__unexpectedEPFvvE
                0x0800fa70        0x8 d:/00green/gcc-arm-none-eabi-10.3-2021.10/bin/../lib/gcc/arm-none-eabi/10.3.1/../../../../arm-none-eabi/lib/thumb/v7-m/nofp\libstdc++.a(eh_terminate.o)
                0x0800fa70                __cxxabiv1::__unexpected(void (*)())
 .text._ZSt10unexpectedv
                0x0800fa78       0x14 d:/00green/gcc-arm-none-eabi-10.3-2021.10/bin/../lib/gcc/arm-none-eabi/10.3.1/../../../../arm-none-eabi/lib/thumb/v7-m/nofp\libstdc++.a(eh_terminate.o)
                0x0800fa78                std::unexpected()
 .text._ZSt13get_terminatev
                0x0800fa8c       0x10 d:/00green/gcc-arm-none-eabi-10.3-2021.10/bin/../lib/gcc/arm-none-eabi/10.3.1/../../../../arm-none-eabi/lib/thumb/v7-m/nofp\libstdc++.a(eh_terminate.o)
                0x0800fa8c                std::get_terminate()
 .text._ZSt14get_unexpectedv
                0x0800fa9c       0x10 d:/00green/gcc-arm-none-eabi-10.3-2021.10/bin/../lib/gcc/arm-none-eabi/10.3.1/../../../../arm-none-eabi/lib/thumb/v7-m/nofp\libstdc++.a(eh_terminate.o)
                0x0800fa9c                std::get_unexpected()
 .text._ZN9__gnu_cxx27__verbose_terminate_handlerEv
                0x0800faac      0x10c d:/00green/gcc-arm-none-eabi-10.3-2021.10/bin/../lib/gcc/arm-none-eabi/10.3.1/../../../../arm-none-eabi/lib/thumb/v7-m/nofp\libstdc++.a(vterminate.o)
                0x0800faac                __gnu_cxx::__verbose_terminate_handler()
 .text.__cxa_end_cleanup
                0x0800fbb8        0xc d:/00green/gcc-arm-none-eabi-10.3-2021.10/bin/../lib/gcc/arm-none-eabi/10.3.1/../../../../arm-none-eabi/lib/thumb/v7-m/nofp\libstdc++.a(eh_arm.o)
                0x0800fbb8                __cxa_end_cleanup
 .text.__cxa_type_match
                0x0800fbc4       0xb4 d:/00green/gcc-arm-none-eabi-10.3-2021.10/bin/../lib/gcc/arm-none-eabi/10.3.1/../../../../arm-none-eabi/lib/thumb/v7-m/nofp\libstdc++.a(eh_arm.o)
                0x0800fbc4                __cxa_type_match
 .text.__cxa_begin_cleanup
                0x0800fc78       0x64 d:/00green/gcc-arm-none-eabi-10.3-2021.10/bin/../lib/gcc/arm-none-eabi/10.3.1/../../../../arm-none-eabi/lib/thumb/v7-m/nofp\libstdc++.a(eh_arm.o)
                0x0800fc78                __cxa_begin_cleanup
 .text.__gnu_end_cleanup
                0x0800fcdc       0x70 d:/00green/gcc-arm-none-eabi-10.3-2021.10/bin/../lib/gcc/arm-none-eabi/10.3.1/../../../../arm-none-eabi/lib/thumb/v7-m/nofp\libstdc++.a(eh_arm.o)
                0x0800fcdc                __gnu_end_cleanup
 .text._ZN10__cxxabiv1L24__is_gxx_exception_classEPc
                0x0800fd4c       0x3c d:/00green/gcc-arm-none-eabi-10.3-2021.10/bin/../lib/gcc/arm-none-eabi/10.3.1/../../../../arm-none-eabi/lib/thumb/v7-m/nofp\libstdc++.a(eh_call.o)
 .text.__cxa_call_terminate
                0x0800fd88       0x20 d:/00green/gcc-arm-none-eabi-10.3-2021.10/bin/../lib/gcc/arm-none-eabi/10.3.1/../../../../arm-none-eabi/lib/thumb/v7-m/nofp\libstdc++.a(eh_call.o)
                0x0800fd88                __cxa_call_terminate
 .text.unlikely.__cxa_call_unexpected
                0x0800fda8       0xe8 d:/00green/gcc-arm-none-eabi-10.3-2021.10/bin/../lib/gcc/arm-none-eabi/10.3.1/../../../../arm-none-eabi/lib/thumb/v7-m/nofp\libstdc++.a(eh_call.o)
                0x0800fda8                __cxa_call_unexpected
 .text.__cxa_begin_catch
                0x0800fe90       0x80 d:/00green/gcc-arm-none-eabi-10.3-2021.10/bin/../lib/gcc/arm-none-eabi/10.3.1/../../../../arm-none-eabi/lib/thumb/v7-m/nofp\libstdc++.a(eh_catch.o)
                0x0800fe90                __cxa_begin_catch
 .text.__cxa_end_catch
                0x0800ff10       0x88 d:/00green/gcc-arm-none-eabi-10.3-2021.10/bin/../lib/gcc/arm-none-eabi/10.3.1/../../../../arm-none-eabi/lib/thumb/v7-m/nofp\libstdc++.a(eh_catch.o)
                0x0800ff10                __cxa_end_catch
 .text._ZNSt13bad_exceptionD2Ev
                0x0800ff98        0x4 d:/00green/gcc-arm-none-eabi-10.3-2021.10/bin/../lib/gcc/arm-none-eabi/10.3.1/../../../../arm-none-eabi/lib/thumb/v7-m/nofp\libstdc++.a(eh_exception.o)
                0x0800ff98                std::bad_exception::~bad_exception()
                0x0800ff98                std::bad_exception::~bad_exception()
 .text._ZNKSt13bad_exception4whatEv
                0x0800ff9c        0x8 d:/00green/gcc-arm-none-eabi-10.3-2021.10/bin/../lib/gcc/arm-none-eabi/10.3.1/../../../../arm-none-eabi/lib/thumb/v7-m/nofp\libstdc++.a(eh_exception.o)
                0x0800ff9c                std::bad_exception::what() const
                0x0800ff9c                transaction clone for std::bad_exception::what() const
 .text._ZNSt13bad_exceptionD0Ev
                0x0800ffa4       0x10 d:/00green/gcc-arm-none-eabi-10.3-2021.10/bin/../lib/gcc/arm-none-eabi/10.3.1/../../../../arm-none-eabi/lib/thumb/v7-m/nofp\libstdc++.a(eh_exception.o)
                0x0800ffa4                std::bad_exception::~bad_exception()
 .text.__cxa_get_globals_fast
                0x0800ffb4        0x8 d:/00green/gcc-arm-none-eabi-10.3-2021.10/bin/../lib/gcc/arm-none-eabi/10.3.1/../../../../arm-none-eabi/lib/thumb/v7-m/nofp\libstdc++.a(eh_globals.o)
                0x0800ffb4                __cxa_get_globals_fast
 .text.__cxa_get_globals
                0x0800ffbc        0x8 d:/00green/gcc-arm-none-eabi-10.3-2021.10/bin/../lib/gcc/arm-none-eabi/10.3.1/../../../../arm-none-eabi/lib/thumb/v7-m/nofp\libstdc++.a(eh_globals.o)
                0x0800ffbc                __cxa_get_globals
 .text._ZL28read_encoded_value_with_basehjPKhPj
                0x0800ffc4       0xc0 d:/00green/gcc-arm-none-eabi-10.3-2021.10/bin/../lib/gcc/arm-none-eabi/10.3.1/../../../../arm-none-eabi/lib/thumb/v7-m/nofp\libstdc++.a(eh_personality.o)
 .text._ZL21base_of_encoded_valuehP15_Unwind_Context